Archive member included to satisfy reference by file (symbol)

c:/ti/bin/../lib/gcc/msp430-elf/9.3.1/large\libgcc.a(_fixunsdfsi.o)
                              ./Covid.o (__mspabi_fixdul)
c:/ti/bin/../lib/gcc/msp430-elf/9.3.1/large\libgcc.a(_addsub_sf.o)
                              ./Covid.o (__mspabi_addf)
c:/ti/bin/../lib/gcc/msp430-elf/9.3.1/large\libgcc.a(_mul_sf.o)
                              ./hardwareSim/energyHarvester.o (__mspabi_mpyf)
c:/ti/bin/../lib/gcc/msp430-elf/9.3.1/large\libgcc.a(_div_sf.o)
                              ./Covid.o (__mspabi_divf)
c:/ti/bin/../lib/gcc/msp430-elf/9.3.1/large\libgcc.a(_si_to_sf.o)
                              ./Covid.o (__mspabi_fltlif)
c:/ti/bin/../lib/gcc/msp430-elf/9.3.1/large\libgcc.a(_sf_to_si.o)
                              ./hardwareSim/energyHarvester.o (__mspabi_fixfli)
c:/ti/bin/../lib/gcc/msp430-elf/9.3.1/large\libgcc.a(_thenan_sf.o)
                              c:/ti/bin/../lib/gcc/msp430-elf/9.3.1/large\libgcc.a(_addsub_sf.o) (__thenan_sf)
c:/ti/bin/../lib/gcc/msp430-elf/9.3.1/large\libgcc.a(_addsub_df.o)
                              c:/ti/bin/../lib/gcc/msp430-elf/9.3.1/large\libgcc.a(_fixunsdfsi.o) (__mspabi_subd)
c:/ti/bin/../lib/gcc/msp430-elf/9.3.1/large\libgcc.a(_div_df.o)
                              ./Covid.o (__mspabi_divd)
c:/ti/bin/../lib/gcc/msp430-elf/9.3.1/large\libgcc.a(_ge_df.o)
                              c:/ti/bin/../lib/gcc/msp430-elf/9.3.1/large\libgcc.a(_fixunsdfsi.o) (__gedf2)
c:/ti/bin/../lib/gcc/msp430-elf/9.3.1/large\libgcc.a(_df_to_si.o)
                              c:/ti/bin/../lib/gcc/msp430-elf/9.3.1/large\libgcc.a(_fixunsdfsi.o) (__mspabi_fixdli)
c:/ti/bin/../lib/gcc/msp430-elf/9.3.1/large\libgcc.a(_thenan_df.o)
                              c:/ti/bin/../lib/gcc/msp430-elf/9.3.1/large\libgcc.a(_addsub_df.o) (__thenan_df)
c:/ti/bin/../lib/gcc/msp430-elf/9.3.1/large\libgcc.a(_usi_to_df.o)
                              ./Covid.o (__mspabi_fltuld)
c:/ti/bin/../lib/gcc/msp430-elf/9.3.1/large\libgcc.a(lib2divSI.o)
                              ./Covid.o (__mspabi_divli)
c:/ti/bin/../lib/gcc/msp430-elf/9.3.1/large\libgcc.a(slli.o)
                              ./dsplib/source/vector/msp_cmplx_shift_q15.o (__mspabi_slli)
c:/ti/bin/../lib/gcc/msp430-elf/9.3.1/large\libgcc.a(srai.o)
                              c:/ti/bin/../lib/gcc/msp430-elf/9.3.1/large\libgcc.a(lib2divSI.o) (__mspabi_sral)
c:/ti/bin/../lib/gcc/msp430-elf/9.3.1/large\libgcc.a(srli.o)
                              ./dsplib/source/vector/msp_scale_iq31.o (__mspabi_srll)
c:/ti/bin/../lib/gcc/msp430-elf/9.3.1/large\libgcc.a(_clzsi2.o)
                              c:/ti/bin/../lib/gcc/msp430-elf/9.3.1/large\libgcc.a(_si_to_sf.o) (__clzsi2)
c:/ti/bin/../lib/gcc/msp430-elf/9.3.1/large\libgcc.a(_udivdi3.o)
                              c:/ti/bin/../lib/gcc/msp430-elf/9.3.1/large\libgcc.a(lib2divSI.o) (__mspabi_divull)
c:/ti/bin/../lib/gcc/msp430-elf/9.3.1/large\libgcc.a(_pack_sf.o)
                              c:/ti/bin/../lib/gcc/msp430-elf/9.3.1/large\libgcc.a(_addsub_sf.o) (__pack_f)
c:/ti/bin/../lib/gcc/msp430-elf/9.3.1/large\libgcc.a(_unpack_sf.o)
                              c:/ti/bin/../lib/gcc/msp430-elf/9.3.1/large\libgcc.a(_addsub_sf.o) (__unpack_f)
c:/ti/bin/../lib/gcc/msp430-elf/9.3.1/large\libgcc.a(_pack_df.o)
                              c:/ti/bin/../lib/gcc/msp430-elf/9.3.1/large\libgcc.a(_addsub_df.o) (__pack_d)
c:/ti/bin/../lib/gcc/msp430-elf/9.3.1/large\libgcc.a(_unpack_df.o)
                              c:/ti/bin/../lib/gcc/msp430-elf/9.3.1/large\libgcc.a(_addsub_df.o) (__unpack_d)
c:/ti/bin/../lib/gcc/msp430-elf/9.3.1/large\libgcc.a(_fpcmp_parts_df.o)
                              c:/ti/bin/../lib/gcc/msp430-elf/9.3.1/large\libgcc.a(_ge_df.o) (__fpcmp_parts_d)
c:/ti/bin/../lib/gcc/msp430-elf/9.3.1/large\libgcc.a(_clz.o)
                              c:/ti/bin/../lib/gcc/msp430-elf/9.3.1/large\libgcc.a(_clzsi2.o) (__clz_tab)
c:/ti/bin/../lib/gcc/msp430-elf/9.3.1/large\libgcc.a(_clzdi2.o)
                              c:/ti/bin/../lib/gcc/msp430-elf/9.3.1/large\libgcc.a(_udivdi3.o) (__clzdi2)
c:/ti/bin/../lib/gcc/msp430-elf/9.3.1/../../../../msp430-elf/lib/large\libc.a(lib_a-memcpy.o)
                              ./Covid.o (memcpy)
c:/ti/bin/../lib/gcc/msp430-elf/9.3.1/large\libmul_f5.a(lib2hw_mul_f5.o)
                              ./dsplib/source/matrix/msp_matrix_abs_iq31.o (__mspabi_mpyi_f5hw)
c:/ti/bin/../lib/gcc/msp430-elf/9.3.1/../../../../msp430-elf/lib/large\libcrt.a(crt_bss.o)
                              ./Covid.o (__crt0_init_bss)
c:/ti/bin/../lib/gcc/msp430-elf/9.3.1/../../../../msp430-elf/lib/large\libcrt.a(crt_main.o)
                              c:/ti/bin/../lib/gcc/msp430-elf/9.3.1/../../../../msp430-elf/lib/large/crt0.o (__crt0_call_main)
c:/ti/bin/../lib/gcc/msp430-elf/9.3.1/../../../../msp430-elf/lib/large\libcrt.a(crt_callexit.o)
                              ./alpaca.o (__crt0_call_exit)
[...]
Memory Configuration

Name             Origin             Length             Attributes
TINYRAM          0x0000000a         0x00000016
BSL              0x00001000         0x00000800
RAM              0x00001c00         0x00001000
LEARAM           0x00002c00         0x00000ec8
LEASTACK         0x00003ac8         0x00000138
INFOMEM          0x00001800         0x00000200
INFOD            0x00001800         0x00000080
INFOC            0x00001880         0x00000080
INFOB            0x00001900         0x00000080
INFOA            0x00001980         0x00000080
FRAM             0x00004000         0x0000bf80         xr
HIFRAM           0x00010000         0x00033ff7         xrw
JTAGSIGNATURE    0x0000ff80         0x00000004
BSLSIGNATURE     0x0000ff84         0x00000004
IPESIGNATURE     0x0000ff88         0x00000008
VECT0            0x0000ff90         0x00000002
VECT1            0x0000ff92         0x00000002
VECT2            0x0000ff94         0x00000002
VECT3            0x0000ff96         0x00000002
VECT4            0x0000ff98         0x00000002
VECT5            0x0000ff9a         0x00000002
VECT6            0x0000ff9c         0x00000002
VECT7            0x0000ff9e         0x00000002
VECT8            0x0000ffa0         0x00000002
VECT9            0x0000ffa2         0x00000002
VECT10           0x0000ffa4         0x00000002
VECT11           0x0000ffa6         0x00000002
VECT12           0x0000ffa8         0x00000002
VECT13           0x0000ffaa         0x00000002
VECT14           0x0000ffac         0x00000002
VECT15           0x0000ffae         0x00000002
VECT16           0x0000ffb0         0x00000002
VECT17           0x0000ffb2         0x00000002
VECT18           0x0000ffb4         0x00000002
VECT19           0x0000ffb6         0x00000002
VECT20           0x0000ffb8         0x00000002
VECT21           0x0000ffba         0x00000002
VECT22           0x0000ffbc         0x00000002
VECT23           0x0000ffbe         0x00000002
VECT24           0x0000ffc0         0x00000002
VECT25           0x0000ffc2         0x00000002
VECT26           0x0000ffc4         0x00000002
VECT27           0x0000ffc6         0x00000002
VECT28           0x0000ffc8         0x00000002
VECT29           0x0000ffca         0x00000002
VECT30           0x0000ffcc         0x00000002
VECT31           0x0000ffce         0x00000002
VECT32           0x0000ffd0         0x00000002
VECT33           0x0000ffd2         0x00000002
VECT34           0x0000ffd4         0x00000002
VECT35           0x0000ffd6         0x00000002
VECT36           0x0000ffd8         0x00000002
VECT37           0x0000ffda         0x00000002
VECT38           0x0000ffdc         0x00000002
VECT39           0x0000ffde         0x00000002
VECT40           0x0000ffe0         0x00000002
VECT41           0x0000ffe2         0x00000002
VECT42           0x0000ffe4         0x00000002
VECT43           0x0000ffe6         0x00000002
VECT44           0x0000ffe8         0x00000002
VECT45           0x0000ffea         0x00000002
VECT46           0x0000ffec         0x00000002
VECT47           0x0000ffee         0x00000002
VECT48           0x0000fff0         0x00000002
VECT49           0x0000fff2         0x00000002
VECT50           0x0000fff4         0x00000002
VECT51           0x0000fff6         0x00000002
VECT52           0x0000fff8         0x00000002
VECT53           0x0000fffa         0x00000002
VECT54           0x0000fffc         0x00000002
RESETVEC         0x0000fffe         0x00000002
*default*        0x00000000         0xffffffff

Linker script and memory map

LOAD c:/ti/bin/../lib/gcc/msp430-elf/9.3.1/../../../../msp430-elf/lib/large/crt0.o
LOAD c:/ti/bin/../lib/gcc/msp430-elf/9.3.1/large/crtbegin_no_eh.o
LOAD ./Covid.o
LOAD ./accel.o
LOAD ./algorithm.o
LOAD ./alpaca.o
LOAD ./config.o
LOAD ./uart.o
LOAD ./watchdog.o
LOAD ./dsplib/source/filter/msp_biquad_cascade_df1_q15.o
LOAD ./dsplib/source/filter/msp_biquad_cascade_df2_ext_q15.o
LOAD ./dsplib/source/filter/msp_biquad_cascade_df2_q15.o
LOAD ./dsplib/source/filter/msp_biquad_df1_q15.o
LOAD ./dsplib/source/filter/msp_biquad_df2_ext_q15.o
LOAD ./dsplib/source/filter/msp_biquad_df2_q15.o
LOAD ./dsplib/source/filter/msp_cmplx_fir_iq31.o
LOAD ./dsplib/source/filter/msp_cmplx_fir_q15.o
LOAD ./dsplib/source/filter/msp_fir_iq31.o
LOAD ./dsplib/source/filter/msp_fir_q15.o
LOAD ./dsplib/source/lea/msp_lea_flags.o
LOAD ./dsplib/source/lea/msp_lea_init.o
LOAD ./dsplib/source/lea/msp_lea_isr.o
LOAD ./dsplib/source/lea/msp_lea_patch.o
LOAD ./dsplib/source/matrix/msp_matrix_abs_iq31.o
LOAD ./dsplib/source/matrix/msp_matrix_abs_q15.o
LOAD ./dsplib/source/matrix/msp_matrix_add_iq31.o
LOAD ./dsplib/source/matrix/msp_matrix_add_q15.o
LOAD ./dsplib/source/matrix/msp_matrix_mpy_iq31.o
LOAD ./dsplib/source/matrix/msp_matrix_mpy_q15.o
LOAD ./dsplib/source/matrix/msp_matrix_neg_iq31.o
LOAD ./dsplib/source/matrix/msp_matrix_neg_q15.o
LOAD ./dsplib/source/matrix/msp_matrix_offset_iq31.o
LOAD ./dsplib/source/matrix/msp_matrix_offset_q15.o
LOAD ./dsplib/source/matrix/msp_matrix_scale_iq31.o
LOAD ./dsplib/source/matrix/msp_matrix_scale_q15.o
LOAD ./dsplib/source/matrix/msp_matrix_shift_iq31.o
LOAD ./dsplib/source/matrix/msp_matrix_shift_q15.o
LOAD ./dsplib/source/matrix/msp_matrix_sub_iq31.o
LOAD ./dsplib/source/matrix/msp_matrix_sub_q15.o
LOAD ./dsplib/source/matrix/msp_matrix_trans_iq31.o
LOAD ./dsplib/source/matrix/msp_matrix_trans_q15.o
LOAD ./dsplib/source/transform/msp_cmplx_bitrev_iq31.o
LOAD ./dsplib/source/transform/msp_cmplx_bitrev_q15.o
LOAD ./dsplib/source/transform/msp_cmplx_fft_auto_q15.o
LOAD ./dsplib/source/transform/msp_cmplx_fft_fixed_q15.o
LOAD ./dsplib/source/transform/msp_cmplx_fft_iq31.o
LOAD ./dsplib/source/transform/msp_cmplx_ifft_auto_q15.o
LOAD ./dsplib/source/transform/msp_cmplx_ifft_fixed_q15.o
LOAD ./dsplib/source/transform/msp_cmplx_ifft_iq31.o
LOAD ./dsplib/source/transform/msp_fft_auto_q15.o
LOAD ./dsplib/source/transform/msp_fft_fixed_q15.o
LOAD ./dsplib/source/transform/msp_fft_iq31.o
LOAD ./dsplib/source/transform/msp_ifft_auto_q15.o
LOAD ./dsplib/source/transform/msp_ifft_fixed_q15.o
LOAD ./dsplib/source/transform/msp_ifft_iq31.o
LOAD ./dsplib/source/transform/msp_split_iq31.o
LOAD ./dsplib/source/transform/msp_split_q15.o
LOAD ./dsplib/source/transform/msp_transform_tables.o
LOAD ./dsplib/source/utility/msp_cmplx_fill_iq31.o
LOAD ./dsplib/source/utility/msp_cmplx_fill_q15.o
LOAD ./dsplib/source/utility/msp_cmplx_iq31.o
LOAD ./dsplib/source/utility/msp_cmplx_q15.o
LOAD ./dsplib/source/utility/msp_copy_iq31.o
LOAD ./dsplib/source/utility/msp_copy_q15.o
LOAD ./dsplib/source/utility/msp_deinterleave_iq31.o
LOAD ./dsplib/source/utility/msp_deinterleave_q15.o
LOAD ./dsplib/source/utility/msp_fill_iq31.o
LOAD ./dsplib/source/utility/msp_fill_q15.o
LOAD ./dsplib/source/utility/msp_interleave_iq31.o
LOAD ./dsplib/source/utility/msp_interleave_q15.o
LOAD ./dsplib/source/utility/msp_iq31_to_q15.o
LOAD ./dsplib/source/utility/msp_q15_to_iq31.o
LOAD ./dsplib/source/utility/msp_sinusoid_q15.o
LOAD ./dsplib/source/vector/msp_abs_iq31.o
LOAD ./dsplib/source/vector/msp_abs_q15.o
LOAD ./dsplib/source/vector/msp_add_iq31.o
LOAD ./dsplib/source/vector/msp_add_q15.o
LOAD ./dsplib/source/vector/msp_cmplx_add_iq31.o
LOAD ./dsplib/source/vector/msp_cmplx_add_q15.o
LOAD ./dsplib/source/vector/msp_cmplx_conj_iq31.o
LOAD ./dsplib/source/vector/msp_cmplx_conj_q15.o
LOAD ./dsplib/source/vector/msp_cmplx_mac_iq31.o
LOAD ./dsplib/source/vector/msp_cmplx_mac_q15.o
LOAD ./dsplib/source/vector/msp_cmplx_mpy_iq31.o
LOAD ./dsplib/source/vector/msp_cmplx_mpy_q15.o
LOAD ./dsplib/source/vector/msp_cmplx_mpy_real_iq31.o
LOAD ./dsplib/source/vector/msp_cmplx_mpy_real_q15.o
LOAD ./dsplib/source/vector/msp_cmplx_scale_iq31.o
LOAD ./dsplib/source/vector/msp_cmplx_scale_q15.o
LOAD ./dsplib/source/vector/msp_cmplx_shift_iq31.o
LOAD ./dsplib/source/vector/msp_cmplx_shift_q15.o
LOAD ./dsplib/source/vector/msp_cmplx_sub_iq31.o
LOAD ./dsplib/source/vector/msp_cmplx_sub_q15.o
LOAD ./dsplib/source/vector/msp_mac_iq31.o
LOAD ./dsplib/source/vector/msp_mac_q15.o
LOAD ./dsplib/source/vector/msp_max_iq31.o
LOAD ./dsplib/source/vector/msp_max_q15.o
LOAD ./dsplib/source/vector/msp_max_uq15.o
LOAD ./dsplib/source/vector/msp_max_uq31.o
LOAD ./dsplib/source/vector/msp_min_iq31.o
LOAD ./dsplib/source/vector/msp_min_q15.o
LOAD ./dsplib/source/vector/msp_min_uq15.o
LOAD ./dsplib/source/vector/msp_min_uq31.o
LOAD ./dsplib/source/vector/msp_mpy_iq31.o
LOAD ./dsplib/source/vector/msp_mpy_q15.o
LOAD ./dsplib/source/vector/msp_neg_iq31.o
LOAD ./dsplib/source/vector/msp_neg_q15.o
LOAD ./dsplib/source/vector/msp_offset_iq31.o
LOAD ./dsplib/source/vector/msp_offset_q15.o
LOAD ./dsplib/source/vector/msp_scale_iq31.o
LOAD ./dsplib/source/vector/msp_scale_q15.o
LOAD ./dsplib/source/vector/msp_shift_iq31.o
LOAD ./dsplib/source/vector/msp_shift_q15.o
LOAD ./dsplib/source/vector/msp_sub_iq31.o
LOAD ./dsplib/source/vector/msp_sub_q15.o
LOAD ./hardwareSim/clock.o
LOAD ./hardwareSim/energyHarvester.o
LOAD ./hardwareSim/sensorDataRead.o
START GROUP
LOAD c:/ti/bin/../lib/gcc/msp430-elf/9.3.1/large\libgcc.a
LOAD c:/ti/bin/../lib/gcc/msp430-elf/9.3.1/../../../../msp430-elf/lib/large\libc.a
END GROUP
LOAD c:/ti/bin/../lib/gcc/msp430-elf/9.3.1/large\libgcc.a
START GROUP
LOAD c:/ti/bin/../lib/gcc/msp430-elf/9.3.1/large\libmul_f5.a
LOAD c:/ti/bin/../lib/gcc/msp430-elf/9.3.1/../../../../msp430-elf/lib/large\libc.a
LOAD c:/ti/bin/../lib/gcc/msp430-elf/9.3.1/large\libgcc.a
LOAD c:/ti/bin/../lib/gcc/msp430-elf/9.3.1/../../../../msp430-elf/lib/large\libcrt.a
LOAD c:/ti/bin/../lib/gcc/msp430-elf/9.3.1/../../../../msp430-elf/lib/large\libnosys.a
END GROUP
LOAD c:/ti/bin/../lib/gcc/msp430-elf/9.3.1/large\libgcc.a
LOAD c:/ti/bin/../lib/gcc/msp430-elf/9.3.1/large/crtend_no_eh.o
LOAD c:/ti/bin/../lib/gcc/msp430-elf/9.3.1/large\libgcc.a

.leaRAM         0x00002c00      0x600
 .leaRAM        0x00002c00      0x600 ./Covid.o
                0x00002c00                filtered
                0x00002e00                readings
                0x00003000                filterCoeffs
                0x00003100                circularBuffer

.jtagsignature

.bslsignature

.ipe
 *(.ipesignature)
 *(.jtagpassword)

__interrupt_vector_0
 *(__interrupt_vector_0)

__interrupt_vector_1
 *(__interrupt_vector_1)

__interrupt_vector_2
 *(__interrupt_vector_2)

__interrupt_vector_3
 *(__interrupt_vector_3)

__interrupt_vector_4
 *(__interrupt_vector_4)

__interrupt_vector_5
 *(__interrupt_vector_5)

__interrupt_vector_6
 *(__interrupt_vector_6)

__interrupt_vector_7
 *(__interrupt_vector_7)

__interrupt_vector_8
 *(__interrupt_vector_8)

__interrupt_vector_9
 *(__interrupt_vector_9)

__interrupt_vector_10
 *(__interrupt_vector_10)

__interrupt_vector_11
 *(__interrupt_vector_11)

__interrupt_vector_12
 *(__interrupt_vector_12)

__interrupt_vector_13
 *(__interrupt_vector_13)

__interrupt_vector_14
 *(__interrupt_vector_14)

__interrupt_vector_15
 *(__interrupt_vector_15)

__interrupt_vector_16
 *(__interrupt_vector_16)

__interrupt_vector_17
 *(__interrupt_vector_17)

__interrupt_vector_18
                0x0000ffb4        0x2
 *(__interrupt_vector_18)
 __interrupt_vector_18
                0x0000ffb4        0x2 ./dsplib/source/lea/msp_lea_isr.o
 *(__interrupt_vector_lea)

__interrupt_vector_19
 *(__interrupt_vector_19)
 *(__interrupt_vector_port8)

__interrupt_vector_20
 *(__interrupt_vector_20)
 *(__interrupt_vector_port7)

__interrupt_vector_21
 *(__interrupt_vector_21)
 *(__interrupt_vector_eusci_b3)

__interrupt_vector_22
 *(__interrupt_vector_22)
 *(__interrupt_vector_eusci_b2)

__interrupt_vector_23
 *(__interrupt_vector_23)
 *(__interrupt_vector_eusci_b1)

__interrupt_vector_24
 *(__interrupt_vector_24)
 *(__interrupt_vector_eusci_a3)

__interrupt_vector_25
 *(__interrupt_vector_25)
 *(__interrupt_vector_eusci_a2)

__interrupt_vector_26
 *(__interrupt_vector_26)
 *(__interrupt_vector_port6)

__interrupt_vector_27
 *(__interrupt_vector_27)
 *(__interrupt_vector_port5)

__interrupt_vector_28
 *(__interrupt_vector_28)
 *(__interrupt_vector_timer4_a1)

__interrupt_vector_29
                0x0000ffca        0x2
 *(__interrupt_vector_29)
 __interrupt_vector_29
                0x0000ffca        0x2 ./hardwareSim/clock.o
 *(__interrupt_vector_timer4_a0)

__interrupt_vector_30
 *(__interrupt_vector_30)
 *(__interrupt_vector_aes256)

__interrupt_vector_31
 *(__interrupt_vector_31)
 *(__interrupt_vector_rtc_c)

__interrupt_vector_32
 *(__interrupt_vector_32)
 *(__interrupt_vector_port4)

__interrupt_vector_33
 *(__interrupt_vector_33)
 *(__interrupt_vector_port3)

__interrupt_vector_34
 *(__interrupt_vector_34)
 *(__interrupt_vector_timer3_a1)

__interrupt_vector_35
 *(__interrupt_vector_35)
 *(__interrupt_vector_timer3_a0)

__interrupt_vector_36
 *(__interrupt_vector_36)
 *(__interrupt_vector_port2)

__interrupt_vector_37
 *(__interrupt_vector_37)
 *(__interrupt_vector_timer2_a1)

__interrupt_vector_38
                0x0000ffdc        0x2
 *(__interrupt_vector_38)
 __interrupt_vector_38
                0x0000ffdc        0x2 ./hardwareSim/sensorDataRead.o
 *(__interrupt_vector_timer2_a0)

__interrupt_vector_39
 *(__interrupt_vector_39)
 *(__interrupt_vector_port1)

__interrupt_vector_40
 *(__interrupt_vector_40)
 *(__interrupt_vector_timer1_a1)

__interrupt_vector_41
                0x0000ffe2        0x2
 *(__interrupt_vector_41)
 __interrupt_vector_41
                0x0000ffe2        0x2 ./hardwareSim/energyHarvester.o
 *(__interrupt_vector_timer1_a0)

__interrupt_vector_42
 *(__interrupt_vector_42)
 *(__interrupt_vector_dma)

__interrupt_vector_43
 *(__interrupt_vector_43)
 *(__interrupt_vector_eusci_a1)

__interrupt_vector_44
 *(__interrupt_vector_44)
 *(__interrupt_vector_timer0_a1)

__interrupt_vector_45
                0x0000ffea        0x2
 *(__interrupt_vector_45)
 __interrupt_vector_45
                0x0000ffea        0x2 ./hardwareSim/energyHarvester.o
 *(__interrupt_vector_timer0_a0)

__interrupt_vector_46
                0x0000ffec        0x2
 *(__interrupt_vector_46)
 __interrupt_vector_46
                0x0000ffec        0x2 ./Covid.o
 *(__interrupt_vector_adc12_b)

__interrupt_vector_47
 *(__interrupt_vector_47)
 *(__interrupt_vector_eusci_b0)

__interrupt_vector_48
 *(__interrupt_vector_48)
 *(__interrupt_vector_eusci_a0)

__interrupt_vector_49
 *(__interrupt_vector_49)
 *(__interrupt_vector_wdt)

__interrupt_vector_50
 *(__interrupt_vector_50)
 *(__interrupt_vector_timer0_b1)

__interrupt_vector_51
 *(__interrupt_vector_51)
 *(__interrupt_vector_timer0_b0)

__interrupt_vector_52
 *(__interrupt_vector_52)
 *(__interrupt_vector_comp_e)

__interrupt_vector_53
 *(__interrupt_vector_53)
 *(__interrupt_vector_unmi)

__interrupt_vector_54
 *(__interrupt_vector_54)
 *(__interrupt_vector_sysnmi)

__reset_vector  0x0000fffe        0x2
 *(__interrupt_vector_55)
 *(__interrupt_vector_reset)
 *(.resetvec)
 .resetvec      0x0000fffe        0x2 c:/ti/bin/../lib/gcc/msp430-elf/9.3.1/../../../../msp430-elf/lib/large/crt0.o

.lower.rodata   0x00004000        0x0
                0x00004000                . = ALIGN (0x2)
 *(.lower.rodata.* .lower.rodata)

.rodata         0x00004000      0x178
                0x00004000                . = ALIGN (0x2)
 *(.plt)
 *(.rodata .rodata.* .gnu.linkonce.r.* .const .const:*)
 .rodata        0x00004000       0x60 ./Covid.o
                0x00004000                FILTER_COEFFS_EX1
 .rodata.__thenan_sf
                0x00004060        0xa c:/ti/bin/../lib/gcc/msp430-elf/9.3.1/large\libgcc.a(_thenan_sf.o)
                0x00004060                __thenan_sf
 .rodata.__thenan_df
                0x0000406a        0xe c:/ti/bin/../lib/gcc/msp430-elf/9.3.1/large\libgcc.a(_thenan_df.o)
                0x0000406a                __thenan_df
 .rodata.__clz_tab
                0x00004078      0x100 c:/ti/bin/../lib/gcc/msp430-elf/9.3.1/large\libgcc.a(_clz.o)
                0x00004078                __clz_tab
 *(.rodata1)
 *(.gcc_except_table)
 *(.gcc_except_table.*)

.rodata2        0x00004178       0x64
                0x00004178                . = ALIGN (0x2)
                [!provide]                PROVIDE (__preinit_array_start = .)
 *(.preinit_array)
                [!provide]                PROVIDE (__preinit_array_end = .)
                0x00004178                . = ALIGN (0x2)
                [!provide]                PROVIDE (__init_array_start = .)
 *(SORT_BY_NAME(.init_array.*))
 *(.init_array)
                [!provide]                PROVIDE (__init_array_end = .)
                0x00004178                . = ALIGN (0x2)
                [!provide]                PROVIDE (__fini_array_start = .)
 *(.fini_array)
 *(SORT_BY_NAME(.fini_array.*))
                [!provide]                PROVIDE (__fini_array_end = .)
                0x00004178                . = ALIGN (0x2)
 *(.eh_frame_hdr)
 *(.eh_frame)
 .eh_frame      0x00004178       0x64 c:/ti/bin/../lib/gcc/msp430-elf/9.3.1/large\libgcc.a(_udivdi3.o)
 *crtbegin*.o(.ctors)
 *(EXCLUDE_FILE(*crtend*.o) .ctors)
 *(SORT_BY_NAME(.ctors.*))
 *(.ctors)
 *crtbegin*.o(.dtors)
 *(EXCLUDE_FILE(*crtend*.o) .dtors)
 *(SORT_BY_NAME(.dtors.*))
 *(.dtors)

.persistent     0x000041dc     0x306c
                0x000041dc                . = ALIGN (0x2)
                0x000041dc                PROVIDE (__persistent_start = .)
 *(.persistent)
 .persistent    0x000041dc     0x2f8a ./Covid.o
                0x000041dc                _task__entry_task
                0x00004206                _task_task_HR
                0x00004230                _task_task_temp
                0x0000425a                data_size
                0x00004262                data_dest
                0x00004272                data_src
                0x00004282                i
                0x00004284                filtered_per
                0x000059f4                readings_per
                0x00007164                temp_per
 .persistent    0x00007166       0x42 ./alpaca.o
                0x00007166                _numBoots
                0x00007168                curctx
                0x0000716c                context_0
                0x00007172                context_1
                0x00007178                num_dirty_gv
                0x0000717a                gv_index
                0x0000717c                data_size_base
                0x00007180                data_dest_base
                0x00007184                data_src_base
                0x00007188                scratch_bak
 .persistent    0x000071a8        0x4 ./hardwareSim/clock.o
                0x000071a8                sec
                0x000071aa                sec_counter
 .persistent    0x000071ac       0x3e ./hardwareSim/energyHarvester.o
                0x000071ac                PF_number_arr
                0x000071c0                PF_number
                0x000071c2                PF_flag
                0x000071c4                charging_time_coff_arr
                0x000071d8                charging_time_coff
                0x000071da                exe_time_coff
                0x000071dc                P_in
                0x000071de                I_msp
                0x000071e0                Vs
                0x000071e2                targetEnergy
                0x000071e4                E_remaining
                0x000071e6                E_tot
                0x000071e8                CapSize
 .persistent    0x000071ea       0x5e ./hardwareSim/sensorDataRead.o
                0x000071ea                miscount
                0x000071ec                critical_data_arr
                0x00007214                critical_data_miss
                0x00007218                missingDataArr
                0x00007240                missingData
                0x00007244                sensorDataPeriod
                0x00007246                cur_data_num
                0x00007248                . = ALIGN (0x2)
                0x00007248                PROVIDE (__persistent_end = .)

.persistent_hifram
                0x00010000        0x0
                0x00010000                . = ALIGN (0x2)
                [!provide]                PROVIDE (__fram_vars_start = .)
                0x00010000                . = ALIGN (0x2)
 *(.persistent_hifram)
                [!provide]                PROVIDE (__fram_vars_end = .)

.upper.rodata
 *(.upper.rodata.* .upper.rodata)

.tinyram

.lower.data     0x00001c00        0x0 load address 0x00007248
                0x00001c00                . = ALIGN (0x2)
                [!provide]                PROVIDE (__datastart = .)
 *(.lower.data.* .lower.data)

.data           0x00001c00        0x0 load address 0x00007248
                0x00001c00                . = ALIGN (0x2)
                [!provide]                PROVIDE (__datastart = .)
 *(.jcr)
 *(.data.rel.ro.local)
 *(.data.rel.ro*)
 *(.dynamic)
 *(.data .data.* .gnu.linkonce.d.*)
 *(.gnu.linkonce.d.*personality*)
 *(.data1)
 *(.got.plt)
 *(.got)
                0x00001c00                . = ALIGN (0x2)
 *(.sdata .sdata.* .gnu.linkonce.s.* D_2 D_1)
                0x00001c00                . = ALIGN (0x2)
                0x00001c00                _edata = .
                [!provide]                PROVIDE (edata = .)
                [!provide]                PROVIDE (__dataend = .)
                [!provide]                PROVIDE (__romdatastart = LOADADDR (.lower.data))
                [!provide]                PROVIDE (__romdatacopysize = (SIZEOF (.lower.data) + SIZEOF (.data)))

.upper.data     0x00010000        0x2 load address 0x00007248
                0x00007248                __upper_data_init = LOADADDR (.upper.data)
                0x00010000        0x2 SHORT 0x1
                0x00010002                __high_datastart = .
 *(.upper.data.* .upper.data)
                0x00010002                __high_dataend = .
                0x00000000                __rom_highdatacopysize = (SIZEOF (.upper.data) - 0x2)
                0x0000724a                __rom_highdatastart = (LOADADDR (.upper.data) + 0x2)

.lower.bss      0x00001c00        0x0
                0x00001c00                . = ALIGN (0x2)
                0x00001c00                PROVIDE (__bssstart = .)
 *(.lower.bss.* .lower.bss)

.bss            0x00001c00      0x100
                0x00001c00                . = ALIGN (0x2)
                [!provide]                PROVIDE (__bssstart = .)
 *(.dynbss)
 *(.sbss .sbss.*)
 *(.bss .bss.* .gnu.linkonce.b.*)
 .bss           0x00001c00       0x72 ./Covid.o
                0x00001c00                zz
                0x00001c02                n_peak_interval_sum
                0x00001c06                an_ir_valley_locs
                0x00001c42                q
                0x00001c44                p
                0x00001c46                k
                0x00001c48                string
                0x00001c70                adcReading
 .bss           0x00001c72        0x4 ./config.o
 .bss           0x00001c76       0x86 ./uart.o
                0x00001c76                uca0DataReady
                0x00001c78                uca0Receiver
 .bss           0x00001cfc        0x4 ./dsplib/source/lea/msp_lea_flags.o
                0x00001cfc                msp_lea_ifg
                0x00001cfe                msp_lea_locked
                0x00001d00                . = ALIGN (0x2)
 *(COMMON)
                [!provide]                PROVIDE (__bssend = .)
                0x00000100                PROVIDE (__bsssize = (SIZEOF (.lower.bss) + SIZEOF (.bss)))

.noinit         0x00001d00        0x0
                0x00001d00                . = ALIGN (0x2)
                [!provide]                PROVIDE (__noinit_start = .)
 *(.noinit)
                0x00001d00                . = ALIGN (0x2)
                [!provide]                PROVIDE (__noinit_end = .)

.upper.bss      0x00010002        0x0
                0x00010002                . = ALIGN (0x2)
                0x00010002                __high_bssstart = .
 *(.upper.bss.* .upper.bss)
                0x00010002                . = ALIGN (0x2)
                0x00010002                __high_bssend = .
                0x00000000                __high_bsssize = SIZEOF (.upper.bss)

.heap           0x00001d00        0x4
                0x00001d00                . = ALIGN (0x2)
                0x00001d00                __heap_start__ = .
                0x00001d00                _end = __heap_start__
                [!provide]                PROVIDE (end = .)
 *(.heap)
                0x00001d00                _end = .
                [!provide]                PROVIDE (end = .)
                0x00001d00        0x4 LONG 0x0
                0x00001d04                __heap_end__ = .
                0x00001d04                __HeapLimit = __heap_end__

.stack          0x00002c00        0x0
                0x00002c00                PROVIDE (__stack = .)
 *(.stack)

.lower.text     0x0000724a        0x0
                0x0000724a                . = ALIGN (0x2)
 *(.lower.text.* .lower.text)

.text           0x0000724a     0x3054
                0x0000724a                PROVIDE (_start = .)
                0x0000724a                . = ALIGN (0x2)
 *(SORT_BY_NAME(.crt_*))
 .crt_0000start
                0x0000724a        0x4 c:/ti/bin/../lib/gcc/msp430-elf/9.3.1/../../../../msp430-elf/lib/large/crt0.o
                0x0000724a                __crt0_start
 .crt_0100init_bss
                0x0000724e       0x10 c:/ti/bin/../lib/gcc/msp430-elf/9.3.1/../../../../msp430-elf/lib/large\libcrt.a(crt_bss.o)
                0x0000724e                __crt0_init_bss
 .crt_0800call_main
                0x0000725e        0x6 c:/ti/bin/../lib/gcc/msp430-elf/9.3.1/../../../../msp430-elf/lib/large\libcrt.a(crt_main.o)
                0x0000725e                __crt0_call_main
 .crt_0900call_exit
                0x00007264        0x4 c:/ti/bin/../lib/gcc/msp430-elf/9.3.1/../../../../msp430-elf/lib/large\libcrt.a(crt_callexit.o)
                0x00007264                __crt0_call_exit
                0x00007268                . = ALIGN (0x2)
 *(.lowtext)
 .lowtext       0x00007268       0x66 ./Covid.o
                0x00007268                ADC12_ISR
 .lowtext       0x000072ce       0x1e ./config.o
                0x000072ce                millis_isr
 .lowtext       0x000072ec       0x1e ./uart.o
                0x000072ec                uartA0
 .lowtext       0x0000730a       0x2c ./dsplib/source/lea/msp_lea_isr.o
                0x0000730a                msp_lea_isr
 .lowtext       0x00007336        0x8 ./hardwareSim/clock.o
                0x00007336                Timer_A4
 .lowtext       0x0000733e       0x4e ./hardwareSim/energyHarvester.o
                0x0000733e                Timer_A1
                0x00007370                Timer_A
 .lowtext       0x0000738c       0x42 ./hardwareSim/sensorDataRead.o
                0x0000738c                Timer_A2
                0x000073ce                . = ALIGN (0x2)
 *(.text .stub .text.* .gnu.linkonce.t.* .text:*)
 .text          0x000073ce      0x5c2 ./Covid.o
                0x000073ce                task_temp
                0x0000740a                _entry_task
                0x00007414                task_HR
                0x00007902                clear_isDirty
                0x00007904                init
                0x0000791e                getTemp
                0x0000798a                _init
 .text          0x00007990      0x4ac ./algorithm.o
                0x00007990                maxim_peaks_above_min_height
                0x00007af0                maxim_sort_ascend
                0x00007b82                maxim_sort_indices_descend
                0x00007c4c                maxim_remove_close_peaks
                0x00007dba                maxim_find_peaks
 .text          0x00007e3c      0x126 ./alpaca.o
                0x00007e3c                task_prologue
                0x00007ed6                transition_to
                0x00007f08                write_to_gbuf
                0x00007f4c                main
 .text          0x00007f62      0x12a ./config.o
                0x00007f62                disableUnwantedGPIO
                0x00007ff4                configClock
                0x00008020                initTMR
                0x0000805e                delay
                0x00008082                millis
 .text          0x0000808c       0xaa ./uart.o
                0x0000808c                uca0Init
                0x000080b6                uca0WriteByte
                0x000080c6                uca0WriteString
                0x000080ee                uca0ReadByte
                0x0000810c                uca0ReadString
 .text          0x00008136      0x26c ./dsplib/source/filter/msp_fir_q15.o
                0x00008136                msp_fir_q15
 .text          0x000083a2       0x82 ./dsplib/source/lea/msp_lea_init.o
                0x000083a2                msp_lea_init
 .text          0x00008424      0x16a ./dsplib/source/utility/msp_copy_q15.o
                0x00008424                msp_copy_q15
 .text          0x0000858e      0x1dc ./dsplib/source/utility/msp_fill_q15.o
                0x0000858e                msp_fill_q15
 .text          0x0000876a       0xba ./hardwareSim/energyHarvester.o
                0x0000876a                Reset
                0x00008770                ExeTime_sim_start
                0x00008790                GetChargingTime
                0x000087d2                Carging_sim_start
 .text.__fixunsdfsi
                0x00008824       0x5a c:/ti/bin/../lib/gcc/msp430-elf/9.3.1/large\libgcc.a(_fixunsdfsi.o)
                0x00008824                __mspabi_fixdul
 .text._fpadd_parts
                0x0000887e      0x226 c:/ti/bin/../lib/gcc/msp430-elf/9.3.1/large\libgcc.a(_addsub_sf.o)
 .text.__addsf3
                0x00008aa4       0x54 c:/ti/bin/../lib/gcc/msp430-elf/9.3.1/large\libgcc.a(_addsub_sf.o)
                0x00008aa4                __mspabi_addf
 .text.__mulsf3
                0x00008af8      0x256 c:/ti/bin/../lib/gcc/msp430-elf/9.3.1/large\libgcc.a(_mul_sf.o)
                0x00008af8                __mspabi_mpyf
 .text.__divsf3
                0x00008d4e      0x14a c:/ti/bin/../lib/gcc/msp430-elf/9.3.1/large\libgcc.a(_div_sf.o)
                0x00008d4e                __mspabi_divf
 .text.__floatsisf
                0x00008e98       0x9a c:/ti/bin/../lib/gcc/msp430-elf/9.3.1/large\libgcc.a(_si_to_sf.o)
                0x00008e98                __mspabi_fltlif
 .text.__fixsfsi
                0x00008f32       0x94 c:/ti/bin/../lib/gcc/msp430-elf/9.3.1/large\libgcc.a(_sf_to_si.o)
                0x00008f32                __mspabi_fixfli
 .text._fpadd_parts
                0x00008fc6      0x596 c:/ti/bin/../lib/gcc/msp430-elf/9.3.1/large\libgcc.a(_addsub_df.o)
 .text.__subdf3
                0x0000955c       0x68 c:/ti/bin/../lib/gcc/msp430-elf/9.3.1/large\libgcc.a(_addsub_df.o)
                0x0000955c                __mspabi_subd
 .text.__divdf3
                0x000095c4      0x2e8 c:/ti/bin/../lib/gcc/msp430-elf/9.3.1/large\libgcc.a(_div_df.o)
                0x000095c4                __mspabi_divd
 .text.__gedf2  0x000098ac       0x72 c:/ti/bin/../lib/gcc/msp430-elf/9.3.1/large\libgcc.a(_ge_df.o)
                0x000098ac                __gedf2
 .text.__fixdfsi
                0x0000991e       0xa2 c:/ti/bin/../lib/gcc/msp430-elf/9.3.1/large\libgcc.a(_df_to_si.o)
                0x0000991e                __mspabi_fixdli
 .text.__floatunsidf
                0x000099c0       0x62 c:/ti/bin/../lib/gcc/msp430-elf/9.3.1/large\libgcc.a(_usi_to_df.o)
                0x000099c0                __mspabi_fltuld
 .text.udivmodsi4
                0x00009a22       0x86 c:/ti/bin/../lib/gcc/msp430-elf/9.3.1/large\libgcc.a(lib2divSI.o)
                0x00009a22                udivmodsi4
 .text.__divsi3
                0x00009aa8       0x4c c:/ti/bin/../lib/gcc/msp430-elf/9.3.1/large\libgcc.a(lib2divSI.o)
                0x00009aa8                __mspabi_divli
 .text.__mspabi_slll
                0x00009af4        0xc c:/ti/bin/../lib/gcc/msp430-elf/9.3.1/large\libgcc.a(slli.o)
                0x00009afa                __mspabi_slll
 .text.__mspabi_sllll
                0x00009b00       0x1e c:/ti/bin/../lib/gcc/msp430-elf/9.3.1/large\libgcc.a(slli.o)
                0x00009b00                __mspabi_sllll
 .text.__mspabi_srll
                0x00009b1e        0xe c:/ti/bin/../lib/gcc/msp430-elf/9.3.1/large\libgcc.a(srli.o)
                0x00009b26                __mspabi_srll
 .text.__mspabi_srlll
                0x00009b2c       0x20 c:/ti/bin/../lib/gcc/msp430-elf/9.3.1/large\libgcc.a(srli.o)
                0x00009b2c                __mspabi_srlll
 .text.__clzsi2
                0x00009b4c       0x5c c:/ti/bin/../lib/gcc/msp430-elf/9.3.1/large\libgcc.a(_clzsi2.o)
                0x00009b4c                __clzsi2
 .text.__pack_f
                0x00009ba8      0x150 c:/ti/bin/../lib/gcc/msp430-elf/9.3.1/large\libgcc.a(_pack_sf.o)
                0x00009ba8                __pack_f
 .text.__unpack_f
                0x00009cf8       0xdc c:/ti/bin/../lib/gcc/msp430-elf/9.3.1/large\libgcc.a(_unpack_sf.o)
                0x00009cf8                __unpack_f
 .text.__pack_d
                0x00009dd4      0x274 c:/ti/bin/../lib/gcc/msp430-elf/9.3.1/large\libgcc.a(_pack_df.o)
                0x00009dd4                __pack_d
 .text.__unpack_d
                0x0000a048      0x13c c:/ti/bin/../lib/gcc/msp430-elf/9.3.1/large\libgcc.a(_unpack_df.o)
                0x0000a048                __unpack_d
 .text.__fpcmp_parts_d
                0x0000a184       0xdc c:/ti/bin/../lib/gcc/msp430-elf/9.3.1/large\libgcc.a(_fpcmp_parts_df.o)
                0x0000a184                __fpcmp_parts_d
 .text.memcpy   0x0000a260       0x20 c:/ti/bin/../lib/gcc/msp430-elf/9.3.1/../../../../msp430-elf/lib/large\libc.a(lib_a-memcpy.o)
                0x0000a260                memcpy
 .text.exit     0x0000a280        0x4 c:/ti/bin/../lib/gcc/msp430-elf/9.3.1/../../../../msp430-elf/lib/large\libnosys.a(exit.o)
                0x0000a280                _exit
                0x0000a280                exit
 .text.memset   0x0000a284       0x1a c:/ti/bin/../lib/gcc/msp430-elf/9.3.1/../../../../msp430-elf/lib/large\libc.a(lib_a-memset.o)
                0x0000a284                memset
 *(.text.*personality*)
 *(.gnu.warning)
 *(.interp .hash .dynsym .dynstr .gnu.version*)
                [!provide]                PROVIDE (__etext = .)
                [!provide]                PROVIDE (_etext = .)
                [!provide]                PROVIDE (etext = .)
                0x0000a29e                . = ALIGN (0x2)
 *(.init)
 *(.fini)
 *(.tm_clone_table)

.upper.text     0x00010002        0x0
                0x00010002                . = ALIGN (0x2)
 *(.upper.text.* .upper.text)

.infoD

.infoC

.infoB

.infoA

.MSP430.attributes
                0x00000000       0x26
 *(.MSP430.attributes)
 .MSP430.attributes
                0x00000000       0x26 c:/ti/bin/../lib/gcc/msp430-elf/9.3.1/../../../../msp430-elf/lib/large/crt0.o
 .MSP430.attributes
                0x00000026       0x26 c:/ti/bin/../lib/gcc/msp430-elf/9.3.1/large/crtbegin_no_eh.o
 .MSP430.attributes
                0x0000004c       0x26 ./Covid.o
 .MSP430.attributes
                0x00000072       0x26 ./accel.o
 .MSP430.attributes
                0x00000098       0x26 ./algorithm.o
 .MSP430.attributes
                0x000000be       0x26 ./alpaca.o
 .MSP430.attributes
                0x000000e4       0x26 ./config.o
 .MSP430.attributes
                0x0000010a       0x26 ./uart.o
 .MSP430.attributes
                0x00000130       0x26 ./watchdog.o
 .MSP430.attributes
                0x00000156       0x26 ./dsplib/source/filter/msp_biquad_cascade_df1_q15.o
 .MSP430.attributes
                0x0000017c       0x26 ./dsplib/source/filter/msp_biquad_cascade_df2_ext_q15.o
 .MSP430.attributes
                0x000001a2       0x26 ./dsplib/source/filter/msp_biquad_cascade_df2_q15.o
 .MSP430.attributes
                0x000001c8       0x26 ./dsplib/source/filter/msp_biquad_df1_q15.o
 .MSP430.attributes
                0x000001ee       0x26 ./dsplib/source/filter/msp_biquad_df2_ext_q15.o
 .MSP430.attributes
                0x00000214       0x26 ./dsplib/source/filter/msp_biquad_df2_q15.o
 .MSP430.attributes
                0x0000023a       0x26 ./dsplib/source/filter/msp_cmplx_fir_iq31.o
 .MSP430.attributes
                0x00000260       0x26 ./dsplib/source/filter/msp_cmplx_fir_q15.o
 .MSP430.attributes
                0x00000286       0x26 ./dsplib/source/filter/msp_fir_iq31.o
 .MSP430.attributes
                0x000002ac       0x26 ./dsplib/source/filter/msp_fir_q15.o
 .MSP430.attributes
                0x000002d2       0x26 ./dsplib/source/lea/msp_lea_flags.o
 .MSP430.attributes
                0x000002f8       0x26 ./dsplib/source/lea/msp_lea_init.o
 .MSP430.attributes
                0x0000031e       0x26 ./dsplib/source/lea/msp_lea_isr.o
 .MSP430.attributes
                0x00000344       0x26 ./dsplib/source/lea/msp_lea_patch.o
 .MSP430.attributes
                0x0000036a       0x26 ./dsplib/source/matrix/msp_matrix_abs_iq31.o
 .MSP430.attributes
                0x00000390       0x26 ./dsplib/source/matrix/msp_matrix_abs_q15.o
 .MSP430.attributes
                0x000003b6       0x26 ./dsplib/source/matrix/msp_matrix_add_iq31.o
 .MSP430.attributes
                0x000003dc       0x26 ./dsplib/source/matrix/msp_matrix_add_q15.o
 .MSP430.attributes
                0x00000402       0x26 ./dsplib/source/matrix/msp_matrix_mpy_iq31.o
 .MSP430.attributes
                0x00000428       0x26 ./dsplib/source/matrix/msp_matrix_mpy_q15.o
 .MSP430.attributes
                0x0000044e       0x26 ./dsplib/source/matrix/msp_matrix_neg_iq31.o
 .MSP430.attributes
                0x00000474       0x26 ./dsplib/source/matrix/msp_matrix_neg_q15.o
 .MSP430.attributes
                0x0000049a       0x26 ./dsplib/source/matrix/msp_matrix_offset_iq31.o
 .MSP430.attributes
                0x000004c0       0x26 ./dsplib/source/matrix/msp_matrix_offset_q15.o
 .MSP430.attributes
                0x000004e6       0x26 ./dsplib/source/matrix/msp_matrix_scale_iq31.o
 .MSP430.attributes
                0x0000050c       0x26 ./dsplib/source/matrix/msp_matrix_scale_q15.o
 .MSP430.attributes
                0x00000532       0x26 ./dsplib/source/matrix/msp_matrix_shift_iq31.o
 .MSP430.attributes
                0x00000558       0x26 ./dsplib/source/matrix/msp_matrix_shift_q15.o
 .MSP430.attributes
                0x0000057e       0x26 ./dsplib/source/matrix/msp_matrix_sub_iq31.o
 .MSP430.attributes
                0x000005a4       0x26 ./dsplib/source/matrix/msp_matrix_sub_q15.o
 .MSP430.attributes
                0x000005ca       0x26 ./dsplib/source/matrix/msp_matrix_trans_iq31.o
 .MSP430.attributes
                0x000005f0       0x26 ./dsplib/source/matrix/msp_matrix_trans_q15.o
 .MSP430.attributes
                0x00000616       0x26 ./dsplib/source/transform/msp_cmplx_bitrev_iq31.o
 .MSP430.attributes
                0x0000063c       0x26 ./dsplib/source/transform/msp_cmplx_bitrev_q15.o
 .MSP430.attributes
                0x00000662       0x26 ./dsplib/source/transform/msp_cmplx_fft_auto_q15.o
 .MSP430.attributes
                0x00000688       0x26 ./dsplib/source/transform/msp_cmplx_fft_fixed_q15.o
 .MSP430.attributes
                0x000006ae       0x26 ./dsplib/source/transform/msp_cmplx_fft_iq31.o
 .MSP430.attributes
                0x000006d4       0x26 ./dsplib/source/transform/msp_cmplx_ifft_auto_q15.o
 .MSP430.attributes
                0x000006fa       0x26 ./dsplib/source/transform/msp_cmplx_ifft_fixed_q15.o
 .MSP430.attributes
                0x00000720       0x26 ./dsplib/source/transform/msp_cmplx_ifft_iq31.o
 .MSP430.attributes
                0x00000746       0x26 ./dsplib/source/transform/msp_fft_auto_q15.o
 .MSP430.attributes
                0x0000076c       0x26 ./dsplib/source/transform/msp_fft_fixed_q15.o
 .MSP430.attributes
                0x00000792       0x26 ./dsplib/source/transform/msp_fft_iq31.o
 .MSP430.attributes
                0x000007b8       0x26 ./dsplib/source/transform/msp_ifft_auto_q15.o
 .MSP430.attributes
                0x000007de       0x26 ./dsplib/source/transform/msp_ifft_fixed_q15.o
 .MSP430.attributes
                0x00000804       0x26 ./dsplib/source/transform/msp_ifft_iq31.o
 .MSP430.attributes
                0x0000082a       0x26 ./dsplib/source/transform/msp_split_iq31.o
 .MSP430.attributes
                0x00000850       0x26 ./dsplib/source/transform/msp_split_q15.o
 .MSP430.attributes
                0x00000876       0x26 ./dsplib/source/transform/msp_transform_tables.o
 .MSP430.attributes
                0x0000089c       0x26 ./dsplib/source/utility/msp_cmplx_fill_iq31.o
 .MSP430.attributes
                0x000008c2       0x26 ./dsplib/source/utility/msp_cmplx_fill_q15.o
 .MSP430.attributes
                0x000008e8       0x26 ./dsplib/source/utility/msp_cmplx_iq31.o
 .MSP430.attributes
                0x0000090e       0x26 ./dsplib/source/utility/msp_cmplx_q15.o
 .MSP430.attributes
                0x00000934       0x26 ./dsplib/source/utility/msp_copy_iq31.o
 .MSP430.attributes
                0x0000095a       0x26 ./dsplib/source/utility/msp_copy_q15.o
 .MSP430.attributes
                0x00000980       0x26 ./dsplib/source/utility/msp_deinterleave_iq31.o
 .MSP430.attributes
                0x000009a6       0x26 ./dsplib/source/utility/msp_deinterleave_q15.o
 .MSP430.attributes
                0x000009cc       0x26 ./dsplib/source/utility/msp_fill_iq31.o
 .MSP430.attributes
                0x000009f2       0x26 ./dsplib/source/utility/msp_fill_q15.o
 .MSP430.attributes
                0x00000a18       0x26 ./dsplib/source/utility/msp_interleave_iq31.o
 .MSP430.attributes
                0x00000a3e       0x26 ./dsplib/source/utility/msp_interleave_q15.o
 .MSP430.attributes
                0x00000a64       0x26 ./dsplib/source/utility/msp_iq31_to_q15.o
 .MSP430.attributes
                0x00000a8a       0x26 ./dsplib/source/utility/msp_q15_to_iq31.o
 .MSP430.attributes
                0x00000ab0       0x26 ./dsplib/source/utility/msp_sinusoid_q15.o
 .MSP430.attributes
                0x00000ad6       0x26 ./dsplib/source/vector/msp_abs_iq31.o
 .MSP430.attributes
                0x00000afc       0x26 ./dsplib/source/vector/msp_abs_q15.o
 .MSP430.attributes
                0x00000b22       0x26 ./dsplib/source/vector/msp_add_iq31.o
 .MSP430.attributes
                0x00000b48       0x26 ./dsplib/source/vector/msp_add_q15.o
 .MSP430.attributes
                0x00000b6e       0x26 ./dsplib/source/vector/msp_cmplx_add_iq31.o
 .MSP430.attributes
                0x00000b94       0x26 ./dsplib/source/vector/msp_cmplx_add_q15.o
 .MSP430.attributes
                0x00000bba       0x26 ./dsplib/source/vector/msp_cmplx_conj_iq31.o
 .MSP430.attributes
                0x00000be0       0x26 ./dsplib/source/vector/msp_cmplx_conj_q15.o
 .MSP430.attributes
                0x00000c06       0x26 ./dsplib/source/vector/msp_cmplx_mac_iq31.o
 .MSP430.attributes
                0x00000c2c       0x26 ./dsplib/source/vector/msp_cmplx_mac_q15.o
 .MSP430.attributes
                0x00000c52       0x26 ./dsplib/source/vector/msp_cmplx_mpy_iq31.o
 .MSP430.attributes
                0x00000c78       0x26 ./dsplib/source/vector/msp_cmplx_mpy_q15.o
 .MSP430.attributes
                0x00000c9e       0x26 ./dsplib/source/vector/msp_cmplx_mpy_real_iq31.o
 .MSP430.attributes
                0x00000cc4       0x26 ./dsplib/source/vector/msp_cmplx_mpy_real_q15.o
 .MSP430.attributes
                0x00000cea       0x26 ./dsplib/source/vector/msp_cmplx_scale_iq31.o
 .MSP430.attributes
                0x00000d10       0x26 ./dsplib/source/vector/msp_cmplx_scale_q15.o
 .MSP430.attributes
                0x00000d36       0x26 ./dsplib/source/vector/msp_cmplx_shift_iq31.o
 .MSP430.attributes
                0x00000d5c       0x26 ./dsplib/source/vector/msp_cmplx_shift_q15.o
 .MSP430.attributes
                0x00000d82       0x26 ./dsplib/source/vector/msp_cmplx_sub_iq31.o
 .MSP430.attributes
                0x00000da8       0x26 ./dsplib/source/vector/msp_cmplx_sub_q15.o
 .MSP430.attributes
                0x00000dce       0x26 ./dsplib/source/vector/msp_mac_iq31.o
 .MSP430.attributes
                0x00000df4       0x26 ./dsplib/source/vector/msp_mac_q15.o
 .MSP430.attributes
                0x00000e1a       0x26 ./dsplib/source/vector/msp_max_iq31.o
 .MSP430.attributes
                0x00000e40       0x26 ./dsplib/source/vector/msp_max_q15.o
 .MSP430.attributes
                0x00000e66       0x26 ./dsplib/source/vector/msp_max_uq15.o
 .MSP430.attributes
                0x00000e8c       0x26 ./dsplib/source/vector/msp_max_uq31.o
 .MSP430.attributes
                0x00000eb2       0x26 ./dsplib/source/vector/msp_min_iq31.o
 .MSP430.attributes
                0x00000ed8       0x26 ./dsplib/source/vector/msp_min_q15.o
 .MSP430.attributes
                0x00000efe       0x26 ./dsplib/source/vector/msp_min_uq15.o
 .MSP430.attributes
                0x00000f24       0x26 ./dsplib/source/vector/msp_min_uq31.o
 .MSP430.attributes
                0x00000f4a       0x26 ./dsplib/source/vector/msp_mpy_iq31.o
 .MSP430.attributes
                0x00000f70       0x26 ./dsplib/source/vector/msp_mpy_q15.o
 .MSP430.attributes
                0x00000f96       0x26 ./dsplib/source/vector/msp_neg_iq31.o
 .MSP430.attributes
                0x00000fbc       0x26 ./dsplib/source/vector/msp_neg_q15.o
 .MSP430.attributes
                0x00000fe2       0x26 ./dsplib/source/vector/msp_offset_iq31.o
 .MSP430.attributes
                0x00001008       0x26 ./dsplib/source/vector/msp_offset_q15.o
 .MSP430.attributes
                0x0000102e       0x26 ./dsplib/source/vector/msp_scale_iq31.o
 .MSP430.attributes
                0x00001054       0x26 ./dsplib/source/vector/msp_scale_q15.o
 .MSP430.attributes
                0x0000107a       0x26 ./dsplib/source/vector/msp_shift_iq31.o
 .MSP430.attributes
                0x000010a0       0x26 ./dsplib/source/vector/msp_shift_q15.o
 .MSP430.attributes
                0x000010c6       0x26 ./dsplib/source/vector/msp_sub_iq31.o
 .MSP430.attributes
                0x000010ec       0x26 ./dsplib/source/vector/msp_sub_q15.o
 .MSP430.attributes
                0x00001112       0x26 ./hardwareSim/clock.o
 .MSP430.attributes
                0x00001138       0x26 ./hardwareSim/energyHarvester.o
 .MSP430.attributes
                0x0000115e       0x26 ./hardwareSim/sensorDataRead.o
 .MSP430.attributes
                0x00001184       0x26 c:/ti/bin/../lib/gcc/msp430-elf/9.3.1/large\libgcc.a(_fixunsdfsi.o)
 .MSP430.attributes
                0x000011aa       0x26 c:/ti/bin/../lib/gcc/msp430-elf/9.3.1/large\libgcc.a(_addsub_sf.o)
 .MSP430.attributes
                0x000011d0       0x26 c:/ti/bin/../lib/gcc/msp430-elf/9.3.1/large\libgcc.a(_mul_sf.o)
 .MSP430.attributes
                0x000011f6       0x26 c:/ti/bin/../lib/gcc/msp430-elf/9.3.1/large\libgcc.a(_div_sf.o)
 .MSP430.attributes
                0x0000121c       0x26 c:/ti/bin/../lib/gcc/msp430-elf/9.3.1/large\libgcc.a(_si_to_sf.o)
 .MSP430.attributes
                0x00001242       0x26 c:/ti/bin/../lib/gcc/msp430-elf/9.3.1/large\libgcc.a(_sf_to_si.o)
 .MSP430.attributes
                0x00001268       0x26 c:/ti/bin/../lib/gcc/msp430-elf/9.3.1/large\libgcc.a(_thenan_sf.o)
 .MSP430.attributes
                0x0000128e       0x26 c:/ti/bin/../lib/gcc/msp430-elf/9.3.1/large\libgcc.a(_addsub_df.o)
 .MSP430.attributes
                0x000012b4       0x26 c:/ti/bin/../lib/gcc/msp430-elf/9.3.1/large\libgcc.a(_div_df.o)
 .MSP430.attributes
                0x000012da       0x26 c:/ti/bin/../lib/gcc/msp430-elf/9.3.1/large\libgcc.a(_ge_df.o)
 .MSP430.attributes
                0x00001300       0x26 c:/ti/bin/../lib/gcc/msp430-elf/9.3.1/large\libgcc.a(_df_to_si.o)
 .MSP430.attributes
                0x00001326       0x26 c:/ti/bin/../lib/gcc/msp430-elf/9.3.1/large\libgcc.a(_thenan_df.o)
 .MSP430.attributes
                0x0000134c       0x26 c:/ti/bin/../lib/gcc/msp430-elf/9.3.1/large\libgcc.a(_usi_to_df.o)
 .MSP430.attributes
                0x00001372       0x26 c:/ti/bin/../lib/gcc/msp430-elf/9.3.1/large\libgcc.a(lib2divSI.o)
 .MSP430.attributes
                0x00001398       0x26 c:/ti/bin/../lib/gcc/msp430-elf/9.3.1/large\libgcc.a(slli.o)
 .MSP430.attributes
                0x000013be       0x26 c:/ti/bin/../lib/gcc/msp430-elf/9.3.1/large\libgcc.a(srai.o)
 .MSP430.attributes
                0x000013e4       0x26 c:/ti/bin/../lib/gcc/msp430-elf/9.3.1/large\libgcc.a(srli.o)
 .MSP430.attributes
                0x0000140a       0x26 c:/ti/bin/../lib/gcc/msp430-elf/9.3.1/large\libgcc.a(_clzsi2.o)
 .MSP430.attributes
                0x00001430       0x26 c:/ti/bin/../lib/gcc/msp430-elf/9.3.1/large\libgcc.a(_udivdi3.o)
 .MSP430.attributes
                0x00001456       0x26 c:/ti/bin/../lib/gcc/msp430-elf/9.3.1/large\libgcc.a(_pack_sf.o)
 .MSP430.attributes
                0x0000147c       0x26 c:/ti/bin/../lib/gcc/msp430-elf/9.3.1/large\libgcc.a(_unpack_sf.o)
 .MSP430.attributes
                0x000014a2       0x26 c:/ti/bin/../lib/gcc/msp430-elf/9.3.1/large\libgcc.a(_pack_df.o)
 .MSP430.attributes
                0x000014c8       0x26 c:/ti/bin/../lib/gcc/msp430-elf/9.3.1/large\libgcc.a(_unpack_df.o)
 .MSP430.attributes
                0x000014ee       0x26 c:/ti/bin/../lib/gcc/msp430-elf/9.3.1/large\libgcc.a(_fpcmp_parts_df.o)
 .MSP430.attributes
                0x00001514       0x26 c:/ti/bin/../lib/gcc/msp430-elf/9.3.1/large\libgcc.a(_clz.o)
 .MSP430.attributes
                0x0000153a       0x26 c:/ti/bin/../lib/gcc/msp430-elf/9.3.1/large\libgcc.a(_clzdi2.o)
 .MSP430.attributes
                0x00001560       0x26 c:/ti/bin/../lib/gcc/msp430-elf/9.3.1/../../../../msp430-elf/lib/large\libc.a(lib_a-memcpy.o)
 .MSP430.attributes
                0x00001586       0x26 c:/ti/bin/../lib/gcc/msp430-elf/9.3.1/large\libmul_f5.a(lib2hw_mul_f5.o)
 .MSP430.attributes
                0x000015ac       0x26 c:/ti/bin/../lib/gcc/msp430-elf/9.3.1/../../../../msp430-elf/lib/large\libcrt.a(crt_bss.o)
 .MSP430.attributes
                0x000015d2       0x26 c:/ti/bin/../lib/gcc/msp430-elf/9.3.1/../../../../msp430-elf/lib/large\libcrt.a(crt_main.o)
 .MSP430.attributes
                0x000015f8       0x26 c:/ti/bin/../lib/gcc/msp430-elf/9.3.1/../../../../msp430-elf/lib/large\libcrt.a(crt_callexit.o)
 .MSP430.attributes
                0x0000161e       0x26 c:/ti/bin/../lib/gcc/msp430-elf/9.3.1/../../../../msp430-elf/lib/large\libnosys.a(exit.o)
 .MSP430.attributes
                0x00001644       0x26 c:/ti/bin/../lib/gcc/msp430-elf/9.3.1/../../../../msp430-elf/lib/large\libc.a(lib_a-memset.o)
 .MSP430.attributes
                0x0000166a       0x26 c:/ti/bin/../lib/gcc/msp430-elf/9.3.1/large/crtend_no_eh.o
 *(.gnu.attributes)
 *(__TI_build_attributes)

.stab
 *(.stab)

.stabstr
 *(.stabstr)

.stab.excl
 *(.stab.excl)

.stab.exclstr
 *(.stab.exclstr)

.stab.index
 *(.stab.index)

.stab.indexstr
 *(.stab.indexstr)

.comment        0x00000000       0x39
 *(.comment)
 .comment       0x00000000       0x39 ./Covid.o
                                 0x3a (size before relaxing)
 .comment       0x00000039       0x3a ./algorithm.o
 .comment       0x00000039       0x3a ./alpaca.o
 .comment       0x00000039       0x3a ./config.o
 .comment       0x00000039       0x3a ./uart.o
 .comment       0x00000039       0x3a ./dsplib/source/filter/msp_fir_q15.o
 .comment       0x00000039       0x3a ./dsplib/source/lea/msp_lea_flags.o
 .comment       0x00000039       0x3a ./dsplib/source/lea/msp_lea_init.o
 .comment       0x00000039       0x3a ./dsplib/source/lea/msp_lea_isr.o
 .comment       0x00000039       0x3a ./dsplib/source/utility/msp_copy_q15.o
 .comment       0x00000039       0x3a ./dsplib/source/utility/msp_fill_q15.o
 .comment       0x00000039       0x3a ./hardwareSim/clock.o
 .comment       0x00000039       0x3a ./hardwareSim/energyHarvester.o
 .comment       0x00000039       0x3a ./hardwareSim/sensorDataRead.o
 .comment       0x00000039       0x3a c:/ti/bin/../lib/gcc/msp430-elf/9.3.1/large\libgcc.a(_fixunsdfsi.o)
 .comment       0x00000039       0x3a c:/ti/bin/../lib/gcc/msp430-elf/9.3.1/large\libgcc.a(_addsub_sf.o)
 .comment       0x00000039       0x3a c:/ti/bin/../lib/gcc/msp430-elf/9.3.1/large\libgcc.a(_mul_sf.o)
 .comment       0x00000039       0x3a c:/ti/bin/../lib/gcc/msp430-elf/9.3.1/large\libgcc.a(_div_sf.o)
 .comment       0x00000039       0x3a c:/ti/bin/../lib/gcc/msp430-elf/9.3.1/large\libgcc.a(_si_to_sf.o)
 .comment       0x00000039       0x3a c:/ti/bin/../lib/gcc/msp430-elf/9.3.1/large\libgcc.a(_sf_to_si.o)
 .comment       0x00000039       0x3a c:/ti/bin/../lib/gcc/msp430-elf/9.3.1/large\libgcc.a(_thenan_sf.o)
 .comment       0x00000039       0x3a c:/ti/bin/../lib/gcc/msp430-elf/9.3.1/large\libgcc.a(_addsub_df.o)
 .comment       0x00000039       0x3a c:/ti/bin/../lib/gcc/msp430-elf/9.3.1/large\libgcc.a(_div_df.o)
 .comment       0x00000039       0x3a c:/ti/bin/../lib/gcc/msp430-elf/9.3.1/large\libgcc.a(_ge_df.o)
 .comment       0x00000039       0x3a c:/ti/bin/../lib/gcc/msp430-elf/9.3.1/large\libgcc.a(_df_to_si.o)
 .comment       0x00000039       0x3a c:/ti/bin/../lib/gcc/msp430-elf/9.3.1/large\libgcc.a(_thenan_df.o)
 .comment       0x00000039       0x3a c:/ti/bin/../lib/gcc/msp430-elf/9.3.1/large\libgcc.a(_usi_to_df.o)
 .comment       0x00000039       0x3a c:/ti/bin/../lib/gcc/msp430-elf/9.3.1/large\libgcc.a(lib2divSI.o)
 .comment       0x00000039       0x3a c:/ti/bin/../lib/gcc/msp430-elf/9.3.1/large\libgcc.a(_clzsi2.o)
 .comment       0x00000039       0x3a c:/ti/bin/../lib/gcc/msp430-elf/9.3.1/large\libgcc.a(_udivdi3.o)
 .comment       0x00000039       0x3a c:/ti/bin/../lib/gcc/msp430-elf/9.3.1/large\libgcc.a(_pack_sf.o)
 .comment       0x00000039       0x3a c:/ti/bin/../lib/gcc/msp430-elf/9.3.1/large\libgcc.a(_unpack_sf.o)
 .comment       0x00000039       0x3a c:/ti/bin/../lib/gcc/msp430-elf/9.3.1/large\libgcc.a(_pack_df.o)
 .comment       0x00000039       0x3a c:/ti/bin/../lib/gcc/msp430-elf/9.3.1/large\libgcc.a(_unpack_df.o)
 .comment       0x00000039       0x3a c:/ti/bin/../lib/gcc/msp430-elf/9.3.1/large\libgcc.a(_fpcmp_parts_df.o)
 .comment       0x00000039       0x3a c:/ti/bin/../lib/gcc/msp430-elf/9.3.1/large\libgcc.a(_clz.o)
 .comment       0x00000039       0x3a c:/ti/bin/../lib/gcc/msp430-elf/9.3.1/../../../../msp430-elf/lib/large\libc.a(lib_a-memcpy.o)
 .comment       0x00000039       0x3a c:/ti/bin/../lib/gcc/msp430-elf/9.3.1/../../../../msp430-elf/lib/large\libnosys.a(exit.o)
 .comment       0x00000039       0x3a c:/ti/bin/../lib/gcc/msp430-elf/9.3.1/../../../../msp430-elf/lib/large\libc.a(lib_a-memset.o)

.debug
 *(.debug)

.line
 *(.line)

.debug_srcinfo
 *(.debug_srcinfo)

.debug_sfnames
 *(.debug_sfnames)

.debug_aranges  0x00000000      0x210
 *(.debug_aranges)
 .debug_aranges
                0x00000000       0x28 ./Covid.o
 .debug_aranges
                0x00000028       0x20 ./algorithm.o
 .debug_aranges
                0x00000048       0x20 ./alpaca.o
 .debug_aranges
                0x00000068       0x28 ./config.o
 .debug_aranges
                0x00000090       0x28 ./uart.o
 .debug_aranges
                0x000000b8       0x20 ./dsplib/source/filter/msp_fir_q15.o
 .debug_aranges
                0x000000d8       0x18 ./dsplib/source/lea/msp_lea_flags.o
 .debug_aranges
                0x000000f0       0x20 ./dsplib/source/lea/msp_lea_init.o
 .debug_aranges
                0x00000110       0x20 ./dsplib/source/lea/msp_lea_isr.o
 .debug_aranges
                0x00000130       0x20 ./dsplib/source/utility/msp_copy_q15.o
 .debug_aranges
                0x00000150       0x20 ./dsplib/source/utility/msp_fill_q15.o
 .debug_aranges
                0x00000170       0x28 ./hardwareSim/clock.o
 .debug_aranges
                0x00000198       0x30 ./hardwareSim/energyHarvester.o
 .debug_aranges
                0x000001c8       0x28 ./hardwareSim/sensorDataRead.o
 .debug_aranges
                0x000001f0       0x20 c:/ti/bin/../lib/gcc/msp430-elf/9.3.1/../../../../msp430-elf/lib/large\libnosys.a(exit.o)

.debug_pubnames
 *(.debug_pubnames)

.debug_info     0x00000000    0x5389b
 *(.debug_info .gnu.linkonce.wi.*)
 .debug_info    0x00000000     0x6b36 ./Covid.o
 .debug_info    0x00006b36     0x658f ./algorithm.o
 .debug_info    0x0000d0c5     0x64a0 ./alpaca.o
 .debug_info    0x00013565     0x5803 ./config.o
 .debug_info    0x00018d68     0x6103 ./uart.o
 .debug_info    0x0001ee6b     0x5d62 ./dsplib/source/filter/msp_fir_q15.o
 .debug_info    0x00024bcd     0x59de ./dsplib/source/lea/msp_lea_flags.o
 .debug_info    0x0002a5ab     0x59de ./dsplib/source/lea/msp_lea_init.o
 .debug_info    0x0002ff89     0x59ed ./dsplib/source/lea/msp_lea_isr.o
 .debug_info    0x00035976     0x5cfd ./dsplib/source/utility/msp_copy_q15.o
 .debug_info    0x0003b673     0x5d39 ./dsplib/source/utility/msp_fill_q15.o
 .debug_info    0x000413ac     0x608e ./hardwareSim/clock.o
 .debug_info    0x0004743a     0x6244 ./hardwareSim/energyHarvester.o
 .debug_info    0x0004d67e     0x61ce ./hardwareSim/sensorDataRead.o
 .debug_info    0x0005384c       0x4f c:/ti/bin/../lib/gcc/msp430-elf/9.3.1/../../../../msp430-elf/lib/large\libnosys.a(exit.o)

.debug_abbrev   0x00000000     0x1a0f
 *(.debug_abbrev)
 .debug_abbrev  0x00000000      0x374 ./Covid.o
 .debug_abbrev  0x00000374      0x221 ./algorithm.o
 .debug_abbrev  0x00000595      0x243 ./alpaca.o
 .debug_abbrev  0x000007d8      0x113 ./config.o
 .debug_abbrev  0x000008eb      0x237 ./uart.o
 .debug_abbrev  0x00000b22      0x241 ./dsplib/source/filter/msp_fir_q15.o
 .debug_abbrev  0x00000d63       0x9d ./dsplib/source/lea/msp_lea_flags.o
 .debug_abbrev  0x00000e00       0xa9 ./dsplib/source/lea/msp_lea_init.o
 .debug_abbrev  0x00000ea9       0xba ./dsplib/source/lea/msp_lea_isr.o
 .debug_abbrev  0x00000f63      0x207 ./dsplib/source/utility/msp_copy_q15.o
 .debug_abbrev  0x0000116a      0x207 ./dsplib/source/utility/msp_fill_q15.o
 .debug_abbrev  0x00001371      0x211 ./hardwareSim/clock.o
 .debug_abbrev  0x00001582      0x255 ./hardwareSim/energyHarvester.o
 .debug_abbrev  0x000017d7      0x1e9 ./hardwareSim/sensorDataRead.o
 .debug_abbrev  0x000019c0       0x4f c:/ti/bin/../lib/gcc/msp430-elf/9.3.1/../../../../msp430-elf/lib/large\libnosys.a(exit.o)

.debug_line     0x00000000     0x3e30
 *(.debug_line .debug_line.* .debug_line_end)
 .debug_line    0x00000000      0xece ./Covid.o
 .debug_line    0x00000ece      0x6a6 ./algorithm.o
 .debug_line    0x00001574      0x425 ./alpaca.o
 .debug_line    0x00001999      0x518 ./config.o
 .debug_line    0x00001eb1      0x347 ./uart.o
 .debug_line    0x000021f8      0x5a0 ./dsplib/source/filter/msp_fir_q15.o
 .debug_line    0x00002798      0x12c ./dsplib/source/lea/msp_lea_flags.o
 .debug_line    0x000028c4      0x21c ./dsplib/source/lea/msp_lea_init.o
 .debug_line    0x00002ae0      0x183 ./dsplib/source/lea/msp_lea_isr.o
 .debug_line    0x00002c63      0x464 ./dsplib/source/utility/msp_copy_q15.o
 .debug_line    0x000030c7      0x4e4 ./dsplib/source/utility/msp_fill_q15.o
 .debug_line    0x000035ab      0x21a ./hardwareSim/clock.o
 .debug_line    0x000037c5      0x379 ./hardwareSim/energyHarvester.o
 .debug_line    0x00003b3e      0x271 ./hardwareSim/sensorDataRead.o
 .debug_line    0x00003daf       0x4d c:/ti/bin/../lib/gcc/msp430-elf/9.3.1/../../../../msp430-elf/lib/large\libnosys.a(exit.o)
 .debug_line.text.exit
                0x00003dfc       0x34 c:/ti/bin/../lib/gcc/msp430-elf/9.3.1/../../../../msp430-elf/lib/large\libnosys.a(exit.o)
 .debug_line_end
                0x00003e30        0x0 c:/ti/bin/../lib/gcc/msp430-elf/9.3.1/../../../../msp430-elf/lib/large\libnosys.a(exit.o)

.debug_frame    0x00000000      0x82c
 *(.debug_frame)
 .debug_frame   0x00000000      0x114 ./Covid.o
 .debug_frame   0x00000114      0x1ac ./algorithm.o
 .debug_frame   0x000002c0       0x98 ./alpaca.o
 .debug_frame   0x00000358       0x94 ./config.o
 .debug_frame   0x000003ec       0xd8 ./uart.o
 .debug_frame   0x000004c4       0x70 ./dsplib/source/filter/msp_fir_q15.o
 .debug_frame   0x00000534       0x24 ./dsplib/source/lea/msp_lea_init.o
 .debug_frame   0x00000558       0x50 ./dsplib/source/lea/msp_lea_isr.o
 .debug_frame   0x000005a8       0x5c ./dsplib/source/utility/msp_copy_q15.o
 .debug_frame   0x00000604       0x68 ./dsplib/source/utility/msp_fill_q15.o
 .debug_frame   0x0000066c       0x58 ./hardwareSim/clock.o
 .debug_frame   0x000006c4       0xf8 ./hardwareSim/energyHarvester.o
 .debug_frame   0x000007bc       0x4c ./hardwareSim/sensorDataRead.o
 .debug_frame   0x00000808       0x24 c:/ti/bin/../lib/gcc/msp430-elf/9.3.1/../../../../msp430-elf/lib/large\libnosys.a(exit.o)

.debug_str      0x00000000     0x49f9
 *(.debug_str)
 .debug_str     0x00000000     0x43a3 ./Covid.o
                               0x44bc (size before relaxing)
 .debug_str     0x000043a3       0xee ./algorithm.o
                               0x40f1 (size before relaxing)
 .debug_str     0x00004491       0x9e ./alpaca.o
                               0x4005 (size before relaxing)
 .debug_str     0x0000452f       0x5b ./config.o
                               0x39a9 (size before relaxing)
 .debug_str     0x0000458a       0x60 ./uart.o
                               0x3ddd (size before relaxing)
 .debug_str     0x000045ea      0x113 ./dsplib/source/filter/msp_fir_q15.o
                               0x3dad (size before relaxing)
 .debug_str     0x000046fd       0x25 ./dsplib/source/lea/msp_lea_flags.o
                               0x3b75 (size before relaxing)
 .debug_str     0x00004722       0x31 ./dsplib/source/lea/msp_lea_init.o
                               0x3b81 (size before relaxing)
 .debug_str     0x00004753       0x2f ./dsplib/source/lea/msp_lea_isr.o
                               0x3b85 (size before relaxing)
 .debug_str     0x00004782       0x7c ./dsplib/source/utility/msp_copy_q15.o
                               0x3d90 (size before relaxing)
 .debug_str     0x000047fe       0x40 ./dsplib/source/utility/msp_fill_q15.o
                               0x3da1 (size before relaxing)
 .debug_str     0x0000483e       0x52 ./hardwareSim/clock.o
                               0x3dd0 (size before relaxing)
 .debug_str     0x00004890       0x9a ./hardwareSim/energyHarvester.o
                               0x3e8b (size before relaxing)
 .debug_str     0x0000492a       0x47 ./hardwareSim/sensorDataRead.o
                               0x3eb6 (size before relaxing)
 .debug_str     0x00004971       0x88 c:/ti/bin/../lib/gcc/msp430-elf/9.3.1/../../../../msp430-elf/lib/large\libnosys.a(exit.o)
                                 0x94 (size before relaxing)

.debug_loc      0x00000000      0xa34
 *(.debug_loc)
 .debug_loc     0x00000000       0xff ./Covid.o
 .debug_loc     0x000000ff      0x3db ./algorithm.o
 .debug_loc     0x000004da       0xa1 ./alpaca.o
 .debug_loc     0x0000057b       0x30 ./config.o
 .debug_loc     0x000005ab       0x4f ./uart.o
 .debug_loc     0x000005fa      0x1cd ./dsplib/source/filter/msp_fir_q15.o
 .debug_loc     0x000007c7      0x116 ./dsplib/source/utility/msp_copy_q15.o
 .debug_loc     0x000008dd      0x100 ./dsplib/source/utility/msp_fill_q15.o
 .debug_loc     0x000009dd       0x57 ./hardwareSim/energyHarvester.o

.debug_macinfo
 *(.debug_macinfo)

.debug_weaknames
 *(.debug_weaknames)

.debug_funcnames
 *(.debug_funcnames)

.debug_typenames
 *(.debug_typenames)

.debug_varnames
 *(.debug_varnames)

.debug_pubtypes
 *(.debug_pubtypes)

.debug_ranges   0x00000000       0xf0
 *(.debug_ranges)
 .debug_ranges  0x00000000       0x30 ./Covid.o
 .debug_ranges  0x00000030       0x18 ./config.o
 .debug_ranges  0x00000048       0x18 ./uart.o
 .debug_ranges  0x00000060       0x20 ./dsplib/source/filter/msp_fir_q15.o
 .debug_ranges  0x00000080       0x10 ./dsplib/source/lea/msp_lea_isr.o
 .debug_ranges  0x00000090       0x18 ./hardwareSim/clock.o
 .debug_ranges  0x000000a8       0x20 ./hardwareSim/energyHarvester.o
 .debug_ranges  0x000000c8       0x18 ./hardwareSim/sensorDataRead.o
 .debug_ranges  0x000000e0       0x10 c:/ti/bin/../lib/gcc/msp430-elf/9.3.1/../../../../msp430-elf/lib/large\libnosys.a(exit.o)

.debug_macro
 *(.debug_macro)

/DISCARD/
 *(.note.GNU-stack)
                0x00000001                ASSERT ((LENGTH (FRAM) >= (__persistent_end - __persistent_start)), FRAM memory overflowed !)
                0x00000800                PROVIDE (ADC12CTL0 = 0x800)
                [!provide]                PROVIDE (ADC12CTL0_L = 0x800)
                [!provide]                PROVIDE (ADC12CTL0_H = 0x801)
                0x00000802                PROVIDE (ADC12CTL1 = 0x802)
                [!provide]                PROVIDE (ADC12CTL1_L = 0x802)
                [!provide]                PROVIDE (ADC12CTL1_H = 0x803)
                0x00000804                PROVIDE (ADC12CTL2 = 0x804)
                [!provide]                PROVIDE (ADC12CTL2_L = 0x804)
                [!provide]                PROVIDE (ADC12CTL2_H = 0x805)
                0x00000806                PROVIDE (ADC12CTL3 = 0x806)
                [!provide]                PROVIDE (ADC12CTL3_L = 0x806)
                [!provide]                PROVIDE (ADC12CTL3_H = 0x807)
                [!provide]                PROVIDE (ADC12LO = 0x808)
                [!provide]                PROVIDE (ADC12LO_L = 0x808)
                [!provide]                PROVIDE (ADC12LO_H = 0x809)
                [!provide]                PROVIDE (ADC12HI = 0x80a)
                [!provide]                PROVIDE (ADC12HI_L = 0x80a)
                [!provide]                PROVIDE (ADC12HI_H = 0x80b)
                [!provide]                PROVIDE (ADC12IFGR0 = 0x80c)
                [!provide]                PROVIDE (ADC12IFGR0_L = 0x80c)
                [!provide]                PROVIDE (ADC12IFGR0_H = 0x80d)
                [!provide]                PROVIDE (ADC12IFGR1 = 0x80e)
                [!provide]                PROVIDE (ADC12IFGR1_L = 0x80e)
                [!provide]                PROVIDE (ADC12IFGR1_H = 0x80f)
                [!provide]                PROVIDE (ADC12IFGR2 = 0x810)
                [!provide]                PROVIDE (ADC12IFGR2_L = 0x810)
                [!provide]                PROVIDE (ADC12IFGR2_H = 0x811)
                0x00000812                PROVIDE (ADC12IER0 = 0x812)
                [!provide]                PROVIDE (ADC12IER0_L = 0x812)
                [!provide]                PROVIDE (ADC12IER0_H = 0x813)
                [!provide]                PROVIDE (ADC12IER1 = 0x814)
                [!provide]                PROVIDE (ADC12IER1_L = 0x814)
                [!provide]                PROVIDE (ADC12IER1_H = 0x815)
                [!provide]                PROVIDE (ADC12IER2 = 0x816)
                [!provide]                PROVIDE (ADC12IER2_L = 0x816)
                [!provide]                PROVIDE (ADC12IER2_H = 0x817)
                0x00000818                PROVIDE (ADC12IV = 0x818)
                [!provide]                PROVIDE (ADC12IV_L = 0x818)
                [!provide]                PROVIDE (ADC12IV_H = 0x819)
                0x00000820                PROVIDE (ADC12MCTL0 = 0x820)
                [!provide]                PROVIDE (ADC12MCTL0_L = 0x820)
                [!provide]                PROVIDE (ADC12MCTL0_H = 0x821)
                0x00000822                PROVIDE (ADC12MCTL1 = 0x822)
                [!provide]                PROVIDE (ADC12MCTL1_L = 0x822)
                [!provide]                PROVIDE (ADC12MCTL1_H = 0x823)
                [!provide]                PROVIDE (ADC12MCTL2 = 0x824)
                [!provide]                PROVIDE (ADC12MCTL2_L = 0x824)
                [!provide]                PROVIDE (ADC12MCTL2_H = 0x825)
                [!provide]                PROVIDE (ADC12MCTL3 = 0x826)
                [!provide]                PROVIDE (ADC12MCTL3_L = 0x826)
                [!provide]                PROVIDE (ADC12MCTL3_H = 0x827)
                [!provide]                PROVIDE (ADC12MCTL4 = 0x828)
                [!provide]                PROVIDE (ADC12MCTL4_L = 0x828)
                [!provide]                PROVIDE (ADC12MCTL4_H = 0x829)
                [!provide]                PROVIDE (ADC12MCTL5 = 0x82a)
                [!provide]                PROVIDE (ADC12MCTL5_L = 0x82a)
                [!provide]                PROVIDE (ADC12MCTL5_H = 0x82b)
                [!provide]                PROVIDE (ADC12MCTL6 = 0x82c)
                [!provide]                PROVIDE (ADC12MCTL6_L = 0x82c)
                [!provide]                PROVIDE (ADC12MCTL6_H = 0x82d)
                [!provide]                PROVIDE (ADC12MCTL7 = 0x82e)
                [!provide]                PROVIDE (ADC12MCTL7_L = 0x82e)
                [!provide]                PROVIDE (ADC12MCTL7_H = 0x82f)
                [!provide]                PROVIDE (ADC12MCTL8 = 0x830)
                [!provide]                PROVIDE (ADC12MCTL8_L = 0x830)
                [!provide]                PROVIDE (ADC12MCTL8_H = 0x831)
                [!provide]                PROVIDE (ADC12MCTL9 = 0x832)
                [!provide]                PROVIDE (ADC12MCTL9_L = 0x832)
                [!provide]                PROVIDE (ADC12MCTL9_H = 0x833)
                [!provide]                PROVIDE (ADC12MCTL10 = 0x834)
                [!provide]                PROVIDE (ADC12MCTL10_L = 0x834)
                [!provide]                PROVIDE (ADC12MCTL10_H = 0x835)
                [!provide]                PROVIDE (ADC12MCTL11 = 0x836)
                [!provide]                PROVIDE (ADC12MCTL11_L = 0x836)
                [!provide]                PROVIDE (ADC12MCTL11_H = 0x837)
                [!provide]                PROVIDE (ADC12MCTL12 = 0x838)
                [!provide]                PROVIDE (ADC12MCTL12_L = 0x838)
                [!provide]                PROVIDE (ADC12MCTL12_H = 0x839)
                [!provide]                PROVIDE (ADC12MCTL13 = 0x83a)
                [!provide]                PROVIDE (ADC12MCTL13_L = 0x83a)
                [!provide]                PROVIDE (ADC12MCTL13_H = 0x83b)
                [!provide]                PROVIDE (ADC12MCTL14 = 0x83c)
                [!provide]                PROVIDE (ADC12MCTL14_L = 0x83c)
                [!provide]                PROVIDE (ADC12MCTL14_H = 0x83d)
                [!provide]                PROVIDE (ADC12MCTL15 = 0x83e)
                [!provide]                PROVIDE (ADC12MCTL15_L = 0x83e)
                [!provide]                PROVIDE (ADC12MCTL15_H = 0x83f)
                [!provide]                PROVIDE (ADC12MCTL16 = 0x840)
                [!provide]                PROVIDE (ADC12MCTL16_L = 0x840)
                [!provide]                PROVIDE (ADC12MCTL16_H = 0x841)
                [!provide]                PROVIDE (ADC12MCTL17 = 0x842)
                [!provide]                PROVIDE (ADC12MCTL17_L = 0x842)
                [!provide]                PROVIDE (ADC12MCTL17_H = 0x843)
                [!provide]                PROVIDE (ADC12MCTL18 = 0x844)
                [!provide]                PROVIDE (ADC12MCTL18_L = 0x844)
                [!provide]                PROVIDE (ADC12MCTL18_H = 0x845)
                [!provide]                PROVIDE (ADC12MCTL19 = 0x846)
                [!provide]                PROVIDE (ADC12MCTL19_L = 0x846)
                [!provide]                PROVIDE (ADC12MCTL19_H = 0x847)
                [!provide]                PROVIDE (ADC12MCTL20 = 0x848)
                [!provide]                PROVIDE (ADC12MCTL20_L = 0x848)
                [!provide]                PROVIDE (ADC12MCTL20_H = 0x849)
                [!provide]                PROVIDE (ADC12MCTL21 = 0x84a)
                [!provide]                PROVIDE (ADC12MCTL21_L = 0x84a)
                [!provide]                PROVIDE (ADC12MCTL21_H = 0x84b)
                [!provide]                PROVIDE (ADC12MCTL22 = 0x84c)
                [!provide]                PROVIDE (ADC12MCTL22_L = 0x84c)
                [!provide]                PROVIDE (ADC12MCTL22_H = 0x84d)
                [!provide]                PROVIDE (ADC12MCTL23 = 0x84e)
                [!provide]                PROVIDE (ADC12MCTL23_L = 0x84e)
                [!provide]                PROVIDE (ADC12MCTL23_H = 0x84f)
                [!provide]                PROVIDE (ADC12MCTL24 = 0x850)
                [!provide]                PROVIDE (ADC12MCTL24_L = 0x850)
                [!provide]                PROVIDE (ADC12MCTL24_H = 0x851)
                [!provide]                PROVIDE (ADC12MCTL25 = 0x852)
                [!provide]                PROVIDE (ADC12MCTL25_L = 0x852)
                [!provide]                PROVIDE (ADC12MCTL25_H = 0x853)
                [!provide]                PROVIDE (ADC12MCTL26 = 0x854)
                [!provide]                PROVIDE (ADC12MCTL26_L = 0x854)
                [!provide]                PROVIDE (ADC12MCTL26_H = 0x855)
                [!provide]                PROVIDE (ADC12MCTL27 = 0x856)
                [!provide]                PROVIDE (ADC12MCTL27_L = 0x856)
                [!provide]                PROVIDE (ADC12MCTL27_H = 0x857)
                [!provide]                PROVIDE (ADC12MCTL28 = 0x858)
                [!provide]                PROVIDE (ADC12MCTL28_L = 0x858)
                [!provide]                PROVIDE (ADC12MCTL28_H = 0x859)
                [!provide]                PROVIDE (ADC12MCTL29 = 0x85a)
                [!provide]                PROVIDE (ADC12MCTL29_L = 0x85a)
                [!provide]                PROVIDE (ADC12MCTL29_H = 0x85b)
                [!provide]                PROVIDE (ADC12MCTL30 = 0x85c)
                [!provide]                PROVIDE (ADC12MCTL30_L = 0x85c)
                [!provide]                PROVIDE (ADC12MCTL30_H = 0x85d)
                [!provide]                PROVIDE (ADC12MCTL31 = 0x85e)
                [!provide]                PROVIDE (ADC12MCTL31_L = 0x85e)
                [!provide]                PROVIDE (ADC12MCTL31_H = 0x85f)
                0x00000860                PROVIDE (ADC12MEM0 = 0x860)
                [!provide]                PROVIDE (ADC12MEM0_L = 0x860)
                [!provide]                PROVIDE (ADC12MEM0_H = 0x861)
                0x00000862                PROVIDE (ADC12MEM1 = 0x862)
                [!provide]                PROVIDE (ADC12MEM1_L = 0x862)
                [!provide]                PROVIDE (ADC12MEM1_H = 0x863)
                [!provide]                PROVIDE (ADC12MEM2 = 0x864)
                [!provide]                PROVIDE (ADC12MEM2_L = 0x864)
                [!provide]                PROVIDE (ADC12MEM2_H = 0x865)
                [!provide]                PROVIDE (ADC12MEM3 = 0x866)
                [!provide]                PROVIDE (ADC12MEM3_L = 0x866)
                [!provide]                PROVIDE (ADC12MEM3_H = 0x867)
                [!provide]                PROVIDE (ADC12MEM4 = 0x868)
                [!provide]                PROVIDE (ADC12MEM4_L = 0x868)
                [!provide]                PROVIDE (ADC12MEM4_H = 0x869)
                [!provide]                PROVIDE (ADC12MEM5 = 0x86a)
                [!provide]                PROVIDE (ADC12MEM5_L = 0x86a)
                [!provide]                PROVIDE (ADC12MEM5_H = 0x86b)
                [!provide]                PROVIDE (ADC12MEM6 = 0x86c)
                [!provide]                PROVIDE (ADC12MEM6_L = 0x86c)
                [!provide]                PROVIDE (ADC12MEM6_H = 0x86d)
                [!provide]                PROVIDE (ADC12MEM7 = 0x86e)
                [!provide]                PROVIDE (ADC12MEM7_L = 0x86e)
                [!provide]                PROVIDE (ADC12MEM7_H = 0x86f)
                [!provide]                PROVIDE (ADC12MEM8 = 0x870)
                [!provide]                PROVIDE (ADC12MEM8_L = 0x870)
                [!provide]                PROVIDE (ADC12MEM8_H = 0x871)
                [!provide]                PROVIDE (ADC12MEM9 = 0x872)
                [!provide]                PROVIDE (ADC12MEM9_L = 0x872)
                [!provide]                PROVIDE (ADC12MEM9_H = 0x873)
                [!provide]                PROVIDE (ADC12MEM10 = 0x874)
                [!provide]                PROVIDE (ADC12MEM10_L = 0x874)
                [!provide]                PROVIDE (ADC12MEM10_H = 0x875)
                [!provide]                PROVIDE (ADC12MEM11 = 0x876)
                [!provide]                PROVIDE (ADC12MEM11_L = 0x876)
                [!provide]                PROVIDE (ADC12MEM11_H = 0x877)
                [!provide]                PROVIDE (ADC12MEM12 = 0x878)
                [!provide]                PROVIDE (ADC12MEM12_L = 0x878)
                [!provide]                PROVIDE (ADC12MEM12_H = 0x879)
                [!provide]                PROVIDE (ADC12MEM13 = 0x87a)
                [!provide]                PROVIDE (ADC12MEM13_L = 0x87a)
                [!provide]                PROVIDE (ADC12MEM13_H = 0x87b)
                [!provide]                PROVIDE (ADC12MEM14 = 0x87c)
                [!provide]                PROVIDE (ADC12MEM14_L = 0x87c)
                [!provide]                PROVIDE (ADC12MEM14_H = 0x87d)
                [!provide]                PROVIDE (ADC12MEM15 = 0x87e)
                [!provide]                PROVIDE (ADC12MEM15_L = 0x87e)
                [!provide]                PROVIDE (ADC12MEM15_H = 0x87f)
                [!provide]                PROVIDE (ADC12MEM16 = 0x880)
                [!provide]                PROVIDE (ADC12MEM16_L = 0x880)
                [!provide]                PROVIDE (ADC12MEM16_H = 0x881)
                [!provide]                PROVIDE (ADC12MEM17 = 0x882)
                [!provide]                PROVIDE (ADC12MEM17_L = 0x882)
                [!provide]                PROVIDE (ADC12MEM17_H = 0x883)
                [!provide]                PROVIDE (ADC12MEM18 = 0x884)
                [!provide]                PROVIDE (ADC12MEM18_L = 0x884)
                [!provide]                PROVIDE (ADC12MEM18_H = 0x885)
                [!provide]                PROVIDE (ADC12MEM19 = 0x886)
                [!provide]                PROVIDE (ADC12MEM19_L = 0x886)
                [!provide]                PROVIDE (ADC12MEM19_H = 0x887)
                [!provide]                PROVIDE (ADC12MEM20 = 0x888)
                [!provide]                PROVIDE (ADC12MEM20_L = 0x888)
                [!provide]                PROVIDE (ADC12MEM20_H = 0x889)
                [!provide]                PROVIDE (ADC12MEM21 = 0x88a)
                [!provide]                PROVIDE (ADC12MEM21_L = 0x88a)
                [!provide]                PROVIDE (ADC12MEM21_H = 0x88b)
                [!provide]                PROVIDE (ADC12MEM22 = 0x88c)
                [!provide]                PROVIDE (ADC12MEM22_L = 0x88c)
                [!provide]                PROVIDE (ADC12MEM22_H = 0x88d)
                [!provide]                PROVIDE (ADC12MEM23 = 0x88e)
                [!provide]                PROVIDE (ADC12MEM23_L = 0x88e)
                [!provide]                PROVIDE (ADC12MEM23_H = 0x88f)
                [!provide]                PROVIDE (ADC12MEM24 = 0x890)
                [!provide]                PROVIDE (ADC12MEM24_L = 0x890)
                [!provide]                PROVIDE (ADC12MEM24_H = 0x891)
                [!provide]                PROVIDE (ADC12MEM25 = 0x892)
                [!provide]                PROVIDE (ADC12MEM25_L = 0x892)
                [!provide]                PROVIDE (ADC12MEM25_H = 0x893)
                [!provide]                PROVIDE (ADC12MEM26 = 0x894)
                [!provide]                PROVIDE (ADC12MEM26_L = 0x894)
                [!provide]                PROVIDE (ADC12MEM26_H = 0x895)
                [!provide]                PROVIDE (ADC12MEM27 = 0x896)
                [!provide]                PROVIDE (ADC12MEM27_L = 0x896)
                [!provide]                PROVIDE (ADC12MEM27_H = 0x897)
                [!provide]                PROVIDE (ADC12MEM28 = 0x898)
                [!provide]                PROVIDE (ADC12MEM28_L = 0x898)
                [!provide]                PROVIDE (ADC12MEM28_H = 0x899)
                [!provide]                PROVIDE (ADC12MEM29 = 0x89a)
                [!provide]                PROVIDE (ADC12MEM29_L = 0x89a)
                [!provide]                PROVIDE (ADC12MEM29_H = 0x89b)
                [!provide]                PROVIDE (ADC12MEM30 = 0x89c)
                [!provide]                PROVIDE (ADC12MEM30_L = 0x89c)
                [!provide]                PROVIDE (ADC12MEM30_H = 0x89d)
                [!provide]                PROVIDE (ADC12MEM31 = 0x89e)
                [!provide]                PROVIDE (ADC12MEM31_L = 0x89e)
                [!provide]                PROVIDE (ADC12MEM31_H = 0x89f)
                [!provide]                PROVIDE (AESACTL0 = 0x9c0)
                [!provide]                PROVIDE (AESACTL0_L = 0x9c0)
                [!provide]                PROVIDE (AESACTL0_H = 0x9c1)
                [!provide]                PROVIDE (AESACTL1 = 0x9c2)
                [!provide]                PROVIDE (AESACTL1_L = 0x9c2)
                [!provide]                PROVIDE (AESACTL1_H = 0x9c3)
                [!provide]                PROVIDE (AESASTAT = 0x9c4)
                [!provide]                PROVIDE (AESASTAT_L = 0x9c4)
                [!provide]                PROVIDE (AESASTAT_H = 0x9c5)
                [!provide]                PROVIDE (AESAKEY = 0x9c6)
                [!provide]                PROVIDE (AESAKEY_L = 0x9c6)
                [!provide]                PROVIDE (AESAKEY_H = 0x9c7)
                [!provide]                PROVIDE (AESADIN = 0x9c8)
                [!provide]                PROVIDE (AESADIN_L = 0x9c8)
                [!provide]                PROVIDE (AESADIN_H = 0x9c9)
                [!provide]                PROVIDE (AESADOUT = 0x9ca)
                [!provide]                PROVIDE (AESADOUT_L = 0x9ca)
                [!provide]                PROVIDE (AESADOUT_H = 0x9cb)
                [!provide]                PROVIDE (AESAXDIN = 0x9cc)
                [!provide]                PROVIDE (AESAXDIN_L = 0x9cc)
                [!provide]                PROVIDE (AESAXDIN_H = 0x9cd)
                [!provide]                PROVIDE (AESAXIN = 0x9ce)
                [!provide]                PROVIDE (AESAXIN_L = 0x9ce)
                [!provide]                PROVIDE (AESAXIN_H = 0x9cf)
                [!provide]                PROVIDE (CAPTIO0CTL = 0x43e)
                [!provide]                PROVIDE (CAPTIO0CTL_L = 0x43e)
                [!provide]                PROVIDE (CAPTIO0CTL_H = 0x43f)
                [!provide]                PROVIDE (CAPTIO1CTL = 0x47e)
                [!provide]                PROVIDE (CAPTIO1CTL_L = 0x47e)
                [!provide]                PROVIDE (CAPTIO1CTL_H = 0x47f)
                [!provide]                PROVIDE (CECTL0 = 0x8c0)
                [!provide]                PROVIDE (CECTL0_L = 0x8c0)
                [!provide]                PROVIDE (CECTL0_H = 0x8c1)
                [!provide]                PROVIDE (CECTL1 = 0x8c2)
                [!provide]                PROVIDE (CECTL1_L = 0x8c2)
                [!provide]                PROVIDE (CECTL1_H = 0x8c3)
                [!provide]                PROVIDE (CECTL2 = 0x8c4)
                [!provide]                PROVIDE (CECTL2_L = 0x8c4)
                [!provide]                PROVIDE (CECTL2_H = 0x8c5)
                [!provide]                PROVIDE (CECTL3 = 0x8c6)
                [!provide]                PROVIDE (CECTL3_L = 0x8c6)
                [!provide]                PROVIDE (CECTL3_H = 0x8c7)
                [!provide]                PROVIDE (CEINT = 0x8cc)
                [!provide]                PROVIDE (CEINT_L = 0x8cc)
                [!provide]                PROVIDE (CEINT_H = 0x8cd)
                [!provide]                PROVIDE (CEIV = 0x8ce)
                [!provide]                PROVIDE (CEIV_L = 0x8ce)
                [!provide]                PROVIDE (CEIV_H = 0x8cf)
                [!provide]                PROVIDE (CRCDI = 0x150)
                [!provide]                PROVIDE (CRCDI_L = 0x150)
                [!provide]                PROVIDE (CRCDI_H = 0x151)
                [!provide]                PROVIDE (CRCDIRB = 0x152)
                [!provide]                PROVIDE (CRCDIRB_L = 0x152)
                [!provide]                PROVIDE (CRCDIRB_H = 0x153)
                [!provide]                PROVIDE (CRCINIRES = 0x154)
                [!provide]                PROVIDE (CRCINIRES_L = 0x154)
                [!provide]                PROVIDE (CRCINIRES_H = 0x155)
                [!provide]                PROVIDE (CRCRESR = 0x156)
                [!provide]                PROVIDE (CRCRESR_L = 0x156)
                [!provide]                PROVIDE (CRCRESR_H = 0x157)
                [!provide]                PROVIDE (CRC32DIW0 = 0x980)
                [!provide]                PROVIDE (CRC32DIW0_L = 0x980)
                [!provide]                PROVIDE (CRC32DIW0_H = 0x981)
                [!provide]                PROVIDE (CRC32DIW1 = 0x982)
                [!provide]                PROVIDE (CRC32DIW1_L = 0x982)
                [!provide]                PROVIDE (CRC32DIW1_H = 0x983)
                [!provide]                PROVIDE (CRC32DIRBW1 = 0x984)
                [!provide]                PROVIDE (CRC32DIRBW1_L = 0x984)
                [!provide]                PROVIDE (CRC32DIRBW1_H = 0x985)
                [!provide]                PROVIDE (CRC32DIRBW0 = 0x986)
                [!provide]                PROVIDE (CRC32DIRBW0_L = 0x986)
                [!provide]                PROVIDE (CRC32DIRBW0_H = 0x987)
                [!provide]                PROVIDE (CRC32INIRESW0 = 0x988)
                [!provide]                PROVIDE (CRC32INIRESW0_L = 0x988)
                [!provide]                PROVIDE (CRC32INIRESW0_H = 0x989)
                [!provide]                PROVIDE (CRC32INIRESW1 = 0x98a)
                [!provide]                PROVIDE (CRC32INIRESW1_L = 0x98a)
                [!provide]                PROVIDE (CRC32INIRESW1_H = 0x98b)
                [!provide]                PROVIDE (CRC32RESRW1 = 0x98c)
                [!provide]                PROVIDE (CRC32RESRW1_L = 0x98c)
                [!provide]                PROVIDE (CRC32RESRW1_H = 0x98d)
                [!provide]                PROVIDE (CRC32RESRW0 = 0x98e)
                [!provide]                PROVIDE (CRC32RESRW0_L = 0x98e)
                [!provide]                PROVIDE (CRC32RESRW0_H = 0x98f)
                [!provide]                PROVIDE (CRC16DIW0 = 0x990)
                [!provide]                PROVIDE (CRC16DIW0_L = 0x990)
                [!provide]                PROVIDE (CRC16DIW0_H = 0x991)
                [!provide]                PROVIDE (CRC16DIRBW0 = 0x996)
                [!provide]                PROVIDE (CRC16DIRBW0_L = 0x996)
                [!provide]                PROVIDE (CRC16DIRBW0_H = 0x997)
                [!provide]                PROVIDE (CRC16INIRESW0 = 0x998)
                [!provide]                PROVIDE (CRC16INIRESW0_L = 0x998)
                [!provide]                PROVIDE (CRC16INIRESW0_H = 0x999)
                [!provide]                PROVIDE (CRC16RESRW0 = 0x99e)
                [!provide]                PROVIDE (CRC16RESRW0_L = 0x99e)
                [!provide]                PROVIDE (CRC16RESRW0_H = 0x99f)
                0x00000160                PROVIDE (CSCTL0 = 0x160)
                [!provide]                PROVIDE (CSCTL0_L = 0x160)
                [!provide]                PROVIDE (CSCTL0_H = 0x161)
                0x00000162                PROVIDE (CSCTL1 = 0x162)
                [!provide]                PROVIDE (CSCTL1_L = 0x162)
                [!provide]                PROVIDE (CSCTL1_H = 0x163)
                0x00000164                PROVIDE (CSCTL2 = 0x164)
                [!provide]                PROVIDE (CSCTL2_L = 0x164)
                [!provide]                PROVIDE (CSCTL2_H = 0x165)
                0x00000166                PROVIDE (CSCTL3 = 0x166)
                [!provide]                PROVIDE (CSCTL3_L = 0x166)
                [!provide]                PROVIDE (CSCTL3_H = 0x167)
                [!provide]                PROVIDE (CSCTL4 = 0x168)
                [!provide]                PROVIDE (CSCTL4_L = 0x168)
                [!provide]                PROVIDE (CSCTL4_H = 0x169)
                [!provide]                PROVIDE (CSCTL5 = 0x16a)
                [!provide]                PROVIDE (CSCTL5_L = 0x16a)
                [!provide]                PROVIDE (CSCTL5_H = 0x16b)
                [!provide]                PROVIDE (CSCTL6 = 0x16c)
                [!provide]                PROVIDE (CSCTL6_L = 0x16c)
                [!provide]                PROVIDE (CSCTL6_H = 0x16d)
                [!provide]                PROVIDE (PAIN = 0x200)
                [!provide]                PROVIDE (PAIN_L = 0x200)
                [!provide]                PROVIDE (PAIN_H = 0x201)
                [!provide]                PROVIDE (PAOUT = 0x202)
                [!provide]                PROVIDE (PAOUT_L = 0x202)
                [!provide]                PROVIDE (PAOUT_H = 0x203)
                [!provide]                PROVIDE (PADIR = 0x204)
                [!provide]                PROVIDE (PADIR_L = 0x204)
                [!provide]                PROVIDE (PADIR_H = 0x205)
                [!provide]                PROVIDE (PAREN = 0x206)
                [!provide]                PROVIDE (PAREN_L = 0x206)
                [!provide]                PROVIDE (PAREN_H = 0x207)
                [!provide]                PROVIDE (PASEL0 = 0x20a)
                [!provide]                PROVIDE (PASEL0_L = 0x20a)
                [!provide]                PROVIDE (PASEL0_H = 0x20b)
                [!provide]                PROVIDE (PASEL1 = 0x20c)
                [!provide]                PROVIDE (PASEL1_L = 0x20c)
                [!provide]                PROVIDE (PASEL1_H = 0x20d)
                [!provide]                PROVIDE (P1IV = 0x20e)
                [!provide]                PROVIDE (P1IV_L = 0x20e)
                [!provide]                PROVIDE (P1IV_H = 0x20f)
                [!provide]                PROVIDE (PASELC = 0x216)
                [!provide]                PROVIDE (PASELC_L = 0x216)
                [!provide]                PROVIDE (PASELC_H = 0x217)
                [!provide]                PROVIDE (PAIES = 0x218)
                [!provide]                PROVIDE (PAIES_L = 0x218)
                [!provide]                PROVIDE (PAIES_H = 0x219)
                [!provide]                PROVIDE (PAIE = 0x21a)
                [!provide]                PROVIDE (PAIE_L = 0x21a)
                [!provide]                PROVIDE (PAIE_H = 0x21b)
                [!provide]                PROVIDE (PAIFG = 0x21c)
                [!provide]                PROVIDE (PAIFG_L = 0x21c)
                [!provide]                PROVIDE (PAIFG_H = 0x21d)
                [!provide]                PROVIDE (P2IV = 0x21e)
                [!provide]                PROVIDE (P2IV_L = 0x21e)
                [!provide]                PROVIDE (P2IV_H = 0x21f)
                [!provide]                PROVIDE (PBIN = 0x220)
                [!provide]                PROVIDE (PBIN_L = 0x220)
                [!provide]                PROVIDE (PBIN_H = 0x221)
                0x00000222                PROVIDE (PBOUT = 0x222)
                [!provide]                PROVIDE (PBOUT_L = 0x222)
                [!provide]                PROVIDE (PBOUT_H = 0x223)
                0x00000224                PROVIDE (PBDIR = 0x224)
                [!provide]                PROVIDE (PBDIR_L = 0x224)
                [!provide]                PROVIDE (PBDIR_H = 0x225)
                [!provide]                PROVIDE (PBREN = 0x226)
                [!provide]                PROVIDE (PBREN_L = 0x226)
                [!provide]                PROVIDE (PBREN_H = 0x227)
                [!provide]                PROVIDE (PBSEL0 = 0x22a)
                [!provide]                PROVIDE (PBSEL0_L = 0x22a)
                [!provide]                PROVIDE (PBSEL0_H = 0x22b)
                [!provide]                PROVIDE (PBSEL1 = 0x22c)
                [!provide]                PROVIDE (PBSEL1_L = 0x22c)
                [!provide]                PROVIDE (PBSEL1_H = 0x22d)
                [!provide]                PROVIDE (P3IV = 0x22e)
                [!provide]                PROVIDE (P3IV_L = 0x22e)
                [!provide]                PROVIDE (P3IV_H = 0x22f)
                [!provide]                PROVIDE (PBSELC = 0x236)
                [!provide]                PROVIDE (PBSELC_L = 0x236)
                [!provide]                PROVIDE (PBSELC_H = 0x237)
                [!provide]                PROVIDE (PBIES = 0x238)
                [!provide]                PROVIDE (PBIES_L = 0x238)
                [!provide]                PROVIDE (PBIES_H = 0x239)
                [!provide]                PROVIDE (PBIE = 0x23a)
                [!provide]                PROVIDE (PBIE_L = 0x23a)
                [!provide]                PROVIDE (PBIE_H = 0x23b)
                [!provide]                PROVIDE (PBIFG = 0x23c)
                [!provide]                PROVIDE (PBIFG_L = 0x23c)
                [!provide]                PROVIDE (PBIFG_H = 0x23d)
                [!provide]                PROVIDE (P4IV = 0x23e)
                [!provide]                PROVIDE (P4IV_L = 0x23e)
                [!provide]                PROVIDE (P4IV_H = 0x23f)
                [!provide]                PROVIDE (PCIN = 0x240)
                [!provide]                PROVIDE (PCIN_L = 0x240)
                [!provide]                PROVIDE (PCIN_H = 0x241)
                0x00000242                PROVIDE (PCOUT = 0x242)
                [!provide]                PROVIDE (PCOUT_L = 0x242)
                [!provide]                PROVIDE (PCOUT_H = 0x243)
                0x00000244                PROVIDE (PCDIR = 0x244)